Component: Arm Compiler for Embedded 6.19 Tool: armlink [5e73cb00]

==============================================================================

Section Cross References

    main.o(.text.main) refers to func_s32k1xx.o(.text.f_PinMode) for f_PinMode
    main.o(.text.main) refers to func_s32k1xx.o(.text.f_DigitalWrite) for f_DigitalWrite
    main.o(.text.main) refers to func_s32k1xx.o(.text.f_GPIOPinInterrupt) for f_GPIOPinInterrupt
    main.o(.text.main) refers to func_s32k1xx.o(.text.f_SetNVIC) for f_SetNVIC
    main.o(.text.main) refers to func_s32k1xx.o(.text.f_SysTickInit) for f_SysTickInit
    main.o(.text.main) refers to func_s32k1xx.o(.text.f_InterruptLPUART1) for f_InterruptLPUART1
    main.o(.text.main) refers to func_s32k1xx.o(.text.f_InterruptLPUART2) for f_InterruptLPUART2
    main.o(.text.main) refers to main.o(.rodata.str1.1) for .L.str
    main.o(.text.main) refers to func_s32k1xx.o(.text.f_SentStringUART) for f_SentStringUART
    main.o(.text.main) refers to func_s32k1xx.o(.text.f_InterruptLPIT) for f_InterruptLPIT
    main.o(.text.main) refers to func_s32k1xx.o(.text.f_UpdateTime) for f_UpdateTime
    main.o(.text.main) refers to func_s32k1xx.o(.text.f_InitSPI_max7219) for f_InitSPI_max7219
    main.o(.text.main) refers to func_s32k1xx.o(.text.f_SetupMAX7219) for f_SetupMAX7219
    main.o(.text.main) refers to main.o(.bss.g_flagUpdate) for g_flagUpdate
    main.o(.text.main) refers to func_s32k1xx.o(.bss.g_Time) for g_Time
    main.o(.text.main) refers to main.o(.bss.g_flagDateUART) for g_flagDateUART
    main.o(.text.main) refers to func_s32k1xx.o(.text.f_SentClockMAX7219) for f_SentClockMAX7219
    main.o(.text.main) refers to func_s32k1xx.o(.bss.g_Date) for g_Date
    main.o(.text.main) refers to func_s32k1xx.o(.text.f_SentDateMAX7219) for f_SentDateMAX7219
    main.o(.ARM.exidx.text.main) refers to main.o(.text.main) for [Anonymous Symbol]
    main.o(.text.LPUART2_RxTx_IRQHandler) refers to main.o(.bss.index) for index
    main.o(.text.LPUART2_RxTx_IRQHandler) refers to main.o(.bss.g_flagReceive) for g_flagReceive
    main.o(.text.LPUART2_RxTx_IRQHandler) refers to func_s32k1xx.o(.bss.g_Date) for g_Date
    main.o(.text.LPUART2_RxTx_IRQHandler) refers to func_s32k1xx.o(.bss.g_Time) for g_Time
    main.o(.ARM.exidx.text.LPUART2_RxTx_IRQHandler) refers to main.o(.text.LPUART2_RxTx_IRQHandler) for [Anonymous Symbol]
    main.o(.text.LPUART1_RxTx_IRQHandler) refers to main.o(.bss.index) for index
    main.o(.text.LPUART1_RxTx_IRQHandler) refers to main.o(.bss.g_flagReceive) for g_flagReceive
    main.o(.text.LPUART1_RxTx_IRQHandler) refers to func_s32k1xx.o(.bss.g_Date) for g_Date
    main.o(.text.LPUART1_RxTx_IRQHandler) refers to func_s32k1xx.o(.bss.g_Time) for g_Time
    main.o(.ARM.exidx.text.LPUART1_RxTx_IRQHandler) refers to main.o(.text.LPUART1_RxTx_IRQHandler) for [Anonymous Symbol]
    main.o(.text.LPIT0_Ch0_IRQHandler) refers to func_s32k1xx.o(.text.f_SetClearBit) for f_SetClearBit
    main.o(.text.LPIT0_Ch0_IRQHandler) refers to func_s32k1xx.o(.data.g_second) for g_second
    main.o(.text.LPIT0_Ch0_IRQHandler) refers to main.o(.bss.g_flagUpdate) for g_flagUpdate
    main.o(.ARM.exidx.text.LPIT0_Ch0_IRQHandler) refers to main.o(.text.LPIT0_Ch0_IRQHandler) for [Anonymous Symbol]
    main.o(.text.PORTC_IRQHandler) refers to main.o(.bss.g_flagDateUART) for g_flagDateUART
    main.o(.text.PORTC_IRQHandler) refers to main.o(.data.g_PowerMAX7219) for g_PowerMAX7219
    main.o(.text.PORTC_IRQHandler) refers to func_s32k1xx.o(.text.f_DigitalWrite) for f_DigitalWrite
    main.o(.text.PORTC_IRQHandler) refers to func_s32k1xx.o(.text.f_SentMAX7219) for f_SentMAX7219
    main.o(.ARM.exidx.text.PORTC_IRQHandler) refers to main.o(.text.PORTC_IRQHandler) for [Anonymous Symbol]
    func_s32k1xx.o(.ARM.exidx.text.f_SetClearBit) refers to func_s32k1xx.o(.text.f_SetClearBit) for [Anonymous Symbol]
    func_s32k1xx.o(.ARM.exidx.text.f_SetMultiBit) refers to func_s32k1xx.o(.text.f_SetMultiBit) for [Anonymous Symbol]
    func_s32k1xx.o(.text.f_TogglePin) refers to func_s32k1xx.o(.text.f_SetClearBit) for f_SetClearBit
    func_s32k1xx.o(.ARM.exidx.text.f_TogglePin) refers to func_s32k1xx.o(.text.f_TogglePin) for [Anonymous Symbol]
    func_s32k1xx.o(.text.f_PinMode) refers to func_s32k1xx.o(.text.f_SetClearBit) for f_SetClearBit
    func_s32k1xx.o(.text.f_PinMode) refers to func_s32k1xx.o(.text.f_SetMultiBit) for f_SetMultiBit
    func_s32k1xx.o(.ARM.exidx.text.f_PinMode) refers to func_s32k1xx.o(.text.f_PinMode) for [Anonymous Symbol]
    func_s32k1xx.o(.text.f_DigitalWrite) refers to func_s32k1xx.o(.text.f_SetClearBit) for f_SetClearBit
    func_s32k1xx.o(.ARM.exidx.text.f_DigitalWrite) refers to func_s32k1xx.o(.text.f_DigitalWrite) for [Anonymous Symbol]
    func_s32k1xx.o(.text.f_GPIOPinInterrupt) refers to func_s32k1xx.o(.text.f_SetClearBit) for f_SetClearBit
    func_s32k1xx.o(.text.f_GPIOPinInterrupt) refers to func_s32k1xx.o(.text.f_SetMultiBit) for f_SetMultiBit
    func_s32k1xx.o(.ARM.exidx.text.f_GPIOPinInterrupt) refers to func_s32k1xx.o(.text.f_GPIOPinInterrupt) for [Anonymous Symbol]
    func_s32k1xx.o(.ARM.exidx.text.f_SetNVIC) refers to func_s32k1xx.o(.text.f_SetNVIC) for [Anonymous Symbol]
    func_s32k1xx.o(.text.f_InitLPUART1) refers to func_s32k1xx.o(.text.f_SetMultiBit) for f_SetMultiBit
    func_s32k1xx.o(.text.f_InitLPUART1) refers to func_s32k1xx.o(.text.f_SetClearBit) for f_SetClearBit
    func_s32k1xx.o(.ARM.exidx.text.f_InitLPUART1) refers to func_s32k1xx.o(.text.f_InitLPUART1) for [Anonymous Symbol]
    func_s32k1xx.o(.text.f_InterruptLPUART1) refers to func_s32k1xx.o(.text.f_SetMultiBit) for f_SetMultiBit
    func_s32k1xx.o(.text.f_InterruptLPUART1) refers to func_s32k1xx.o(.text.f_SetClearBit) for f_SetClearBit
    func_s32k1xx.o(.ARM.exidx.text.f_InterruptLPUART1) refers to func_s32k1xx.o(.text.f_InterruptLPUART1) for [Anonymous Symbol]
    func_s32k1xx.o(.text.f_InterruptLPUART2) refers to func_s32k1xx.o(.text.f_SetMultiBit) for f_SetMultiBit
    func_s32k1xx.o(.text.f_InterruptLPUART2) refers to func_s32k1xx.o(.text.f_SetClearBit) for f_SetClearBit
    func_s32k1xx.o(.ARM.exidx.text.f_InterruptLPUART2) refers to func_s32k1xx.o(.text.f_InterruptLPUART2) for [Anonymous Symbol]
    func_s32k1xx.o(.text.f_SysTickInit) refers to func_s32k1xx.o(.text.f_SetClearBit) for f_SetClearBit
    func_s32k1xx.o(.text.f_SysTickInit) refers to func_s32k1xx.o(.text.f_SetMultiBit) for f_SetMultiBit
    func_s32k1xx.o(.ARM.exidx.text.f_SysTickInit) refers to func_s32k1xx.o(.text.f_SysTickInit) for [Anonymous Symbol]
    func_s32k1xx.o(.text.f_delayMillis) refers to func_s32k1xx.o(.text.f_SetMultiBit) for f_SetMultiBit
    func_s32k1xx.o(.ARM.exidx.text.f_delayMillis) refers to func_s32k1xx.o(.text.f_delayMillis) for [Anonymous Symbol]
    func_s32k1xx.o(.text.f_delayMs) refers to func_s32k1xx.o(.text.f_delayMillis) for f_delayMillis
    func_s32k1xx.o(.ARM.exidx.text.f_delayMs) refers to func_s32k1xx.o(.text.f_delayMs) for [Anonymous Symbol]
    func_s32k1xx.o(.ARM.exidx.text.f_SentSymbol) refers to func_s32k1xx.o(.text.f_SentSymbol) for [Anonymous Symbol]
    func_s32k1xx.o(.text.f_SentStringUART) refers to func_s32k1xx.o(.text.f_SentSymbol) for f_SentSymbol
    func_s32k1xx.o(.ARM.exidx.text.f_SentStringUART) refers to func_s32k1xx.o(.text.f_SentStringUART) for [Anonymous Symbol]
    func_s32k1xx.o(.ARM.exidx.text.f_SentSymbolSPI) refers to func_s32k1xx.o(.text.f_SentSymbolSPI) for [Anonymous Symbol]
    func_s32k1xx.o(.ARM.exidx.text.f_SentMAX7219) refers to func_s32k1xx.o(.text.f_SentMAX7219) for [Anonymous Symbol]
    func_s32k1xx.o(.text.f_SentStringSPI) refers to func_s32k1xx.o(.text.f_SentSymbolSPI) for f_SentSymbolSPI
    func_s32k1xx.o(.text.f_SentStringSPI) refers to main.o(.bss.g_RCF) for g_RCF
    func_s32k1xx.o(.ARM.exidx.text.f_SentStringSPI) refers to func_s32k1xx.o(.text.f_SentStringSPI) for [Anonymous Symbol]
    func_s32k1xx.o(.text.f_CompareString) refers to strlen.o(.text) for strlen
    func_s32k1xx.o(.ARM.exidx.text.f_CompareString) refers to func_s32k1xx.o(.text.f_CompareString) for [Anonymous Symbol]
    func_s32k1xx.o(.text.f_InitLPIT) refers to func_s32k1xx.o(.text.f_SetMultiBit) for f_SetMultiBit
    func_s32k1xx.o(.text.f_InitLPIT) refers to func_s32k1xx.o(.text.f_SetClearBit) for f_SetClearBit
    func_s32k1xx.o(.ARM.exidx.text.f_InitLPIT) refers to func_s32k1xx.o(.text.f_InitLPIT) for [Anonymous Symbol]
    func_s32k1xx.o(.text.f_InterruptLPIT) refers to func_s32k1xx.o(.text.f_SetMultiBit) for f_SetMultiBit
    func_s32k1xx.o(.text.f_InterruptLPIT) refers to func_s32k1xx.o(.text.f_SetClearBit) for f_SetClearBit
    func_s32k1xx.o(.ARM.exidx.text.f_InterruptLPIT) refers to func_s32k1xx.o(.text.f_InterruptLPIT) for [Anonymous Symbol]
    func_s32k1xx.o(.text.f_AnalogSetup) refers to func_s32k1xx.o(.text.f_SetMultiBit) for f_SetMultiBit
    func_s32k1xx.o(.text.f_AnalogSetup) refers to func_s32k1xx.o(.text.f_SetClearBit) for f_SetClearBit
    func_s32k1xx.o(.ARM.exidx.text.f_AnalogSetup) refers to func_s32k1xx.o(.text.f_AnalogSetup) for [Anonymous Symbol]
    func_s32k1xx.o(.text.f_InitSPI0) refers to func_s32k1xx.o(.text.f_SetClearBit) for f_SetClearBit
    func_s32k1xx.o(.text.f_InitSPI0) refers to func_s32k1xx.o(.text.f_SetMultiBit) for f_SetMultiBit
    func_s32k1xx.o(.ARM.exidx.text.f_InitSPI0) refers to func_s32k1xx.o(.text.f_InitSPI0) for [Anonymous Symbol]
    func_s32k1xx.o(.text.f_InitSPI1) refers to func_s32k1xx.o(.text.f_SetClearBit) for f_SetClearBit
    func_s32k1xx.o(.text.f_InitSPI1) refers to func_s32k1xx.o(.text.f_SetMultiBit) for f_SetMultiBit
    func_s32k1xx.o(.ARM.exidx.text.f_InitSPI1) refers to func_s32k1xx.o(.text.f_InitSPI1) for [Anonymous Symbol]
    func_s32k1xx.o(.text.f_InitSPI_max7219) refers to func_s32k1xx.o(.text.f_SetClearBit) for f_SetClearBit
    func_s32k1xx.o(.text.f_InitSPI_max7219) refers to func_s32k1xx.o(.text.f_SetMultiBit) for f_SetMultiBit
    func_s32k1xx.o(.ARM.exidx.text.f_InitSPI_max7219) refers to func_s32k1xx.o(.text.f_InitSPI_max7219) for [Anonymous Symbol]
    func_s32k1xx.o(.text.f_SetupMAX7219) refers to func_s32k1xx.o(.text.f_DigitalWrite) for f_DigitalWrite
    func_s32k1xx.o(.text.f_SetupMAX7219) refers to func_s32k1xx.o(.text.f_SentMAX7219) for f_SentMAX7219
    func_s32k1xx.o(.ARM.exidx.text.f_SetupMAX7219) refers to func_s32k1xx.o(.text.f_SetupMAX7219) for [Anonymous Symbol]
    func_s32k1xx.o(.text.f_SentClockMAX7219) refers to func_s32k1xx.o(.data.g_hour) for g_hour
    func_s32k1xx.o(.text.f_SentClockMAX7219) refers to func_s32k1xx.o(.data.g_minute) for g_minute
    func_s32k1xx.o(.text.f_SentClockMAX7219) refers to func_s32k1xx.o(.data.g_second) for g_second
    func_s32k1xx.o(.text.f_SentClockMAX7219) refers to func_s32k1xx.o(.text.f_DigitalWrite) for f_DigitalWrite
    func_s32k1xx.o(.text.f_SentClockMAX7219) refers to func_s32k1xx.o(.text.f_SentMAX7219) for f_SentMAX7219
    func_s32k1xx.o(.ARM.exidx.text.f_SentClockMAX7219) refers to func_s32k1xx.o(.text.f_SentClockMAX7219) for [Anonymous Symbol]
    func_s32k1xx.o(.text.f_SentDateMAX7219) refers to func_s32k1xx.o(.data.g_year) for g_year
    func_s32k1xx.o(.text.f_SentDateMAX7219) refers to func_s32k1xx.o(.data.g_month) for g_month
    func_s32k1xx.o(.text.f_SentDateMAX7219) refers to func_s32k1xx.o(.data.g_day) for g_day
    func_s32k1xx.o(.text.f_SentDateMAX7219) refers to func_s32k1xx.o(.bss.g_Time) for g_Time
    func_s32k1xx.o(.text.f_SentDateMAX7219) refers to func_s32k1xx.o(.data.g_hour) for g_hour
    func_s32k1xx.o(.text.f_SentDateMAX7219) refers to func_s32k1xx.o(.data.g_minute) for g_minute
    func_s32k1xx.o(.text.f_SentDateMAX7219) refers to func_s32k1xx.o(.data.g_second) for g_second
    func_s32k1xx.o(.text.f_SentDateMAX7219) refers to func_s32k1xx.o(.text.f_DigitalWrite) for f_DigitalWrite
    func_s32k1xx.o(.text.f_SentDateMAX7219) refers to func_s32k1xx.o(.text.f_SentMAX7219) for f_SentMAX7219
    func_s32k1xx.o(.ARM.exidx.text.f_SentDateMAX7219) refers to func_s32k1xx.o(.text.f_SentDateMAX7219) for [Anonymous Symbol]
    func_s32k1xx.o(.ARM.exidx.text.f_ProcessADC) refers to func_s32k1xx.o(.text.f_ProcessADC) for [Anonymous Symbol]
    func_s32k1xx.o(.text.f_UpdateTime) refers to func_s32k1xx.o(.bss.g_Date) for g_Date
    func_s32k1xx.o(.text.f_UpdateTime) refers to func_s32k1xx.o(.data.g_year) for g_year
    func_s32k1xx.o(.text.f_UpdateTime) refers to func_s32k1xx.o(.data.g_month) for g_month
    func_s32k1xx.o(.text.f_UpdateTime) refers to func_s32k1xx.o(.data.g_day) for g_day
    func_s32k1xx.o(.text.f_UpdateTime) refers to func_s32k1xx.o(.data.g_second) for g_second
    func_s32k1xx.o(.text.f_UpdateTime) refers to func_s32k1xx.o(.data.g_minute) for g_minute
    func_s32k1xx.o(.text.f_UpdateTime) refers to func_s32k1xx.o(.data.g_hour) for g_hour
    func_s32k1xx.o(.text.f_UpdateTime) refers to func_s32k1xx.o(.bss.g_Time) for g_Time
    func_s32k1xx.o(.ARM.exidx.text.f_UpdateTime) refers to func_s32k1xx.o(.text.f_UpdateTime) for [Anonymous Symbol]
    startup.o(.text.init_data_bss) refers to startup_s32k144.o(.text) for __RAM_VECTOR_TABLE_SIZE
    startup.o(.text.init_data_bss) refers to startup.o(.rodata.s_vectors) for s_vectors
    startup.o(.ARM.exidx.text.init_data_bss) refers to startup.o(.text.init_data_bss) for [Anonymous Symbol]
    startup_s32k144.o(.text) refers (Special) to main.o(.text.main) for main
    startup_s32k144.o(.text) refers to startup_s32k144.o(FlashConfig) for FlashConfig
    startup_s32k144.o(.text) refers to startup_s32k144.o(RESET) for __Vectors
    startup_s32k144.o(.text) refers to system_s32k144.o(.text.SystemInit) for SystemInit
    startup_s32k144.o(.text) refers to startup.o(.text.init_data_bss) for init_data_bss
    startup_s32k144.o(.text) refers to __main.o(!!!main) for __main
    startup_s32k144.o(RESET) refers (Special) to main.o(.text.main) for main
    startup_s32k144.o(RESET) refers to startup_s32k144.o(.text) for Reset_Handler
    startup_s32k144.o(RESET) refers to main.o(.text.LPUART1_RxTx_IRQHandler) for LPUART1_RxTx_IRQHandler
    startup_s32k144.o(RESET) refers to main.o(.text.LPUART2_RxTx_IRQHandler) for LPUART2_RxTx_IRQHandler
    startup_s32k144.o(RESET) refers to main.o(.text.LPIT0_Ch0_IRQHandler) for LPIT0_Ch0_IRQHandler
    startup_s32k144.o(RESET) refers to main.o(.text.PORTC_IRQHandler) for PORTC_IRQHandler
    startup_s32k144.o(FlashConfig) refers (Special) to main.o(.text.main) for main
    system_s32k144.o(.ARM.exidx.text.SystemInit) refers to system_s32k144.o(.text.SystemInit) for [Anonymous Symbol]
    system_s32k144.o(.text.SystemCoreClockUpdate) refers to system_s32k144.o(.rodata.SystemCoreClockUpdate.fircFreq) for SystemCoreClockUpdate.fircFreq
    system_s32k144.o(.text.SystemCoreClockUpdate) refers to system_s32k144.o(.data.SystemCoreClock) for SystemCoreClock
    system_s32k144.o(.ARM.exidx.text.SystemCoreClockUpdate) refers to system_s32k144.o(.text.SystemCoreClockUpdate) for [Anonymous Symbol]
    system_s32k144.o(.ARM.exidx.text.SystemSoftwareReset) refers to system_s32k144.o(.text.SystemSoftwareReset) for [Anonymous Symbol]
    __main.o(!!!main) refers to __rtentry.o(.ARM.Collect$$rtentry$$00000000) for __rt_entry
    __rtentry.o(.ARM.Collect$$rtentry$$00000000) refers (Special) to __rtentry2.o(.ARM.Collect$$rtentry$$0000000A) for __rt_entry_li
    __rtentry.o(.ARM.Collect$$rtentry$$00000000) refers (Special) to __rtentry2.o(.ARM.Collect$$rtentry$$0000000D) for __rt_entry_main
    __rtentry.o(.ARM.Collect$$rtentry$$00000000) refers (Special) to __rtentry2.o(.ARM.Collect$$rtentry$$0000000C) for __rt_entry_postli_1
    __rtentry.o(.ARM.Collect$$rtentry$$00000000) refers (Special) to __rtentry2.o(.ARM.Collect$$rtentry$$00000009) for __rt_entry_postsh_1
    __rtentry.o(.ARM.Collect$$rtentry$$00000000) refers (Special) to __rtentry2.o(.ARM.Collect$$rtentry$$00000002) for __rt_entry_presh_1
    __rtentry.o(.ARM.Collect$$rtentry$$00000000) refers (Special) to __rtentry7.o(.ARM.Collect$$rtentry$$00000007) for __rt_entry_sh
    __rtentry2.o(.ARM.Collect$$rtentry$$00000008) refers to boardinit2.o(.text) for _platform_post_stackheap_init
    __rtentry2.o(.ARM.Collect$$rtentry$$0000000A) refers to libinit.o(.ARM.Collect$$libinit$$00000000) for __rt_lib_init
    __rtentry2.o(.ARM.Collect$$rtentry$$0000000B) refers to boardinit3.o(.text) for _platform_post_lib_init
    __rtentry2.o(.ARM.Collect$$rtentry$$0000000D) refers to main.o(.text.main) for main
    __rtentry2.o(.ARM.Collect$$rtentry$$0000000D) refers to exit.o(.text) for exit
    __rtentry2.o(.ARM.exidx) refers to __rtentry2.o(.ARM.Collect$$rtentry$$00000001) for .ARM.Collect$$rtentry$$00000001
    __rtentry2.o(.ARM.exidx) refers to __rtentry2.o(.ARM.Collect$$rtentry$$00000008) for .ARM.Collect$$rtentry$$00000008
    __rtentry2.o(.ARM.exidx) refers to __rtentry2.o(.ARM.Collect$$rtentry$$0000000A) for .ARM.Collect$$rtentry$$0000000A
    __rtentry2.o(.ARM.exidx) refers to __rtentry2.o(.ARM.Collect$$rtentry$$0000000B) for .ARM.Collect$$rtentry$$0000000B
    __rtentry2.o(.ARM.exidx) refers to __rtentry2.o(.ARM.Collect$$rtentry$$0000000D) for .ARM.Collect$$rtentry$$0000000D
    __rtentry4.o(.ARM.Collect$$rtentry$$00000004) refers to sys_stackheap_outer.o(.text) for __user_setup_stackheap
    __rtentry4.o(.ARM.exidx) refers to __rtentry4.o(.ARM.Collect$$rtentry$$00000004) for .ARM.Collect$$rtentry$$00000004
    __rtentry7.o(.ARM.Collect$$rtentry$$00000007) refers to __rtentry7.o(.ARM.Collect$$rtentry$$00002718) for __lit__00000000
    __rtentry7.o(__vectab_stack_and_reset_2_area) refers to __main.o(!!!main) for __main
    __rtentry7.o(.ARM.exidx) refers to __rtentry7.o(.ARM.Collect$$rtentry$$00000007) for .ARM.Collect$$rtentry$$00000007
    __rtentry7.o(.ARM.exidx) refers to __rtentry7.o(.ARM.Collect$$rtentry$$00002718) for .ARM.Collect$$rtentry$$00002718
    sys_stackheap_outer.o(.text) refers to libspace.o(.text) for __user_perproc_libspace
    sys_stackheap_outer.o(.text) refers to sys_stackheap.o(.text) for __user_initial_stackheap
    exit.o(.text) refers to rtexit.o(.ARM.Collect$$rtexit$$00000000) for __rt_exit
    libinit.o(.ARM.Collect$$libinit$$00000000) refers (Special) to libinit2.o(.ARM.Collect$$libinit$$00000030) for __rt_lib_init_alloca_1
    libinit.o(.ARM.Collect$$libinit$$00000000) refers (Special) to libinit2.o(.ARM.Collect$$libinit$$0000002E) for __rt_lib_init_argv_1
    libinit.o(.ARM.Collect$$libinit$$00000000) refers (Special) to libinit2.o(.ARM.Collect$$libinit$$0000001D) for __rt_lib_init_atexit_1
    libinit.o(.ARM.Collect$$libinit$$00000000) refers (Special) to libinit2.o(.ARM.Collect$$libinit$$00000023) for __rt_lib_init_clock_1
    libinit.o(.ARM.Collect$$libinit$$00000000) refers (Special) to libinit2.o(.ARM.Collect$$libinit$$00000034) for __rt_lib_init_cpp_1
    libinit.o(.ARM.Collect$$libinit$$00000000) refers (Special) to libinit2.o(.ARM.Collect$$libinit$$00000032) for __rt_lib_init_exceptions_1
    libinit.o(.ARM.Collect$$libinit$$00000000) refers (Special) to libinit2.o(.ARM.Collect$$libinit$$00000001) for __rt_lib_init_fp_1
    libinit.o(.ARM.Collect$$libinit$$00000000) refers (Special) to libinit2.o(.ARM.Collect$$libinit$$00000021) for __rt_lib_init_fp_trap_1
    libinit.o(.ARM.Collect$$libinit$$00000000) refers (Special) to libinit2.o(.ARM.Collect$$libinit$$00000025) for __rt_lib_init_getenv_1
    libinit.o(.ARM.Collect$$libinit$$00000000) refers (Special) to libinit2.o(.ARM.Collect$$libinit$$0000000C) for __rt_lib_init_heap_1
    libinit.o(.ARM.Collect$$libinit$$00000000) refers (Special) to libinit2.o(.ARM.Collect$$libinit$$00000013) for __rt_lib_init_lc_collate_1
    libinit.o(.ARM.Collect$$libinit$$00000000) refers (Special) to libinit2.o(.ARM.Collect$$libinit$$00000015) for __rt_lib_init_lc_ctype_1
    libinit.o(.ARM.Collect$$libinit$$00000000) refers (Special) to libinit2.o(.ARM.Collect$$libinit$$00000017) for __rt_lib_init_lc_monetary_1
    libinit.o(.ARM.Collect$$libinit$$00000000) refers (Special) to libinit2.o(.ARM.Collect$$libinit$$00000019) for __rt_lib_init_lc_numeric_1
    libinit.o(.ARM.Collect$$libinit$$00000000) refers (Special) to libinit2.o(.ARM.Collect$$libinit$$0000001B) for __rt_lib_init_lc_time_1
    libinit.o(.ARM.Collect$$libinit$$00000000) refers (Special) to libinit2.o(.ARM.Collect$$libinit$$00000006) for __rt_lib_init_preinit_1
    libinit.o(.ARM.Collect$$libinit$$00000000) refers (Special) to libinit2.o(.ARM.Collect$$libinit$$00000010) for __rt_lib_init_rand_1
    libinit.o(.ARM.Collect$$libinit$$00000000) refers (Special) to libinit2.o(.ARM.Collect$$libinit$$00000004) for __rt_lib_init_relocate_pie_1
    libinit.o(.ARM.Collect$$libinit$$00000000) refers (Special) to libinit2.o(.ARM.Collect$$libinit$$00000035) for __rt_lib_init_return
    libinit.o(.ARM.Collect$$libinit$$00000000) refers (Special) to libinit2.o(.ARM.Collect$$libinit$$0000001F) for __rt_lib_init_signal_1
    libinit.o(.ARM.Collect$$libinit$$00000000) refers (Special) to libinit2.o(.ARM.Collect$$libinit$$00000027) for __rt_lib_init_stdio_1
    libinit.o(.ARM.Collect$$libinit$$00000000) refers (Special) to libinit2.o(.ARM.Collect$$libinit$$0000000E) for __rt_lib_init_user_alloc_1
    libspace.o(.text) refers to libspace.o(.bss) for __libspace_start
    sys_stackheap.o(.text) refers (Special) to indicate_semi.o(.text) for __semihosting_library_function
    sys_stackheap.o(.text) refers to use_no_semi.o(.text) for __I$use$semihosting
    sys_stackheap_hlt.o(.text) refers (Special) to indicate_semi.o(.text) for __semihosting_library_function
    sys_stackheap_hlt.o(.text) refers to use_no_semi.o(.text) for __I$use$semihosting
    rtexit.o(.ARM.Collect$$rtexit$$00000000) refers (Special) to rtexit2.o(.ARM.Collect$$rtexit$$00000004) for __rt_exit_exit
    rtexit.o(.ARM.Collect$$rtexit$$00000000) refers (Special) to rtexit2.o(.ARM.Collect$$rtexit$$00000003) for __rt_exit_ls
    rtexit.o(.ARM.Collect$$rtexit$$00000000) refers (Special) to rtexit2.o(.ARM.Collect$$rtexit$$00000002) for __rt_exit_prels_1
    rtexit.o(.ARM.exidx) refers (Special) to rtexit2.o(.ARM.Collect$$rtexit$$00000004) for __rt_exit_exit
    rtexit.o(.ARM.exidx) refers (Special) to rtexit2.o(.ARM.Collect$$rtexit$$00000003) for __rt_exit_ls
    rtexit.o(.ARM.exidx) refers (Special) to rtexit2.o(.ARM.Collect$$rtexit$$00000002) for __rt_exit_prels_1
    rtexit.o(.ARM.exidx) refers to rtexit.o(.ARM.Collect$$rtexit$$00000000) for .ARM.Collect$$rtexit$$00000000
    libinit2.o(.ARM.Collect$$libinit$$00000001) refers to fpinit.o(x$fpl$fpinit) for _fp_init
    libinit2.o(.ARM.Collect$$libinit$$00000012) refers to libinit2.o(.ARM.Collect$$libinit$$00000011) for .ARM.Collect$$libinit$$00000011
    libinit2.o(.ARM.Collect$$libinit$$00000014) refers to libinit2.o(.ARM.Collect$$libinit$$00000011) for .ARM.Collect$$libinit$$00000011
    libinit2.o(.ARM.Collect$$libinit$$00000016) refers to libinit2.o(.ARM.Collect$$libinit$$00000011) for .ARM.Collect$$libinit$$00000011
    libinit2.o(.ARM.Collect$$libinit$$00000018) refers to libinit2.o(.ARM.Collect$$libinit$$00000011) for .ARM.Collect$$libinit$$00000011
    libinit2.o(.ARM.Collect$$libinit$$0000001A) refers to libinit2.o(.ARM.Collect$$libinit$$00000011) for .ARM.Collect$$libinit$$00000011
    libinit2.o(.ARM.Collect$$libinit$$00000028) refers to argv_veneer.o(.emb_text) for __ARM_argv_veneer
    libinit2.o(.ARM.Collect$$libinit$$00000029) refers to argv_veneer.o(.emb_text) for __ARM_argv_veneer
    libinit5.o(.ARM.Collect$$libinit$$0000000A) refers to libinit5.o(.ARM.Collect$$libinit$$0000271B) for __lit__00000000
    libinit5.o(.ARM.Collect$$libinit$$0000002C) refers to libinit5.o(.ARM.Collect$$libinit$$0000273D) for __lit__00000002
    libinit5.o(.ARM.Collect$$libinit$$0000002C) refers to argv_veneer.o(.emb_text) for __ARM_argv_veneer
    rtexit2.o(.ARM.Collect$$rtexit$$00000003) refers to libshutdown.o(.ARM.Collect$$libshutdown$$00000000) for __rt_lib_shutdown
    rtexit2.o(.ARM.Collect$$rtexit$$00000004) refers to sys_exit.o(.text) for _sys_exit
    rtexit2.o(.ARM.exidx) refers to rtexit2.o(.ARM.Collect$$rtexit$$00000001) for .ARM.Collect$$rtexit$$00000001
    rtexit2.o(.ARM.exidx) refers to rtexit2.o(.ARM.Collect$$rtexit$$00000003) for .ARM.Collect$$rtexit$$00000003
    rtexit2.o(.ARM.exidx) refers to rtexit2.o(.ARM.Collect$$rtexit$$00000004) for .ARM.Collect$$rtexit$$00000004
    argv_veneer.o(.emb_text) refers to no_argv.o(.text) for __ARM_get_argv
    sys_exit.o(.text) refers (Special) to use_no_semi.o(.text) for __I$use$semihosting
    sys_exit.o(.text) refers (Special) to indicate_semi.o(.text) for __semihosting_library_function
    sys_exit_hlt.o(.text) refers (Special) to use_no_semi.o(.text) for __I$use$semihosting
    sys_exit_hlt.o(.text) refers (Special) to indicate_semi.o(.text) for __semihosting_library_function
    _get_argv_nomalloc.o(.text) refers (Special) to hrguard.o(.text) for __heap_region$guard
    _get_argv_nomalloc.o(.text) refers to defsig_rtmem_outer.o(.text) for __rt_SIGRTMEM
    _get_argv_nomalloc.o(.text) refers to sys_command.o(.text) for _sys_command_string
    libshutdown.o(.ARM.Collect$$libshutdown$$00000000) refers (Special) to libshutdown2.o(.ARM.Collect$$libshutdown$$00000002) for __rt_lib_shutdown_cpp_1
    libshutdown.o(.ARM.Collect$$libshutdown$$00000000) refers (Special) to libshutdown2.o(.ARM.Collect$$libshutdown$$00000007) for __rt_lib_shutdown_fp_trap_1
    libshutdown.o(.ARM.Collect$$libshutdown$$00000000) refers (Special) to libshutdown2.o(.ARM.Collect$$libshutdown$$0000000F) for __rt_lib_shutdown_heap_1
    libshutdown.o(.ARM.Collect$$libshutdown$$00000000) refers (Special) to libshutdown2.o(.ARM.Collect$$libshutdown$$00000010) for __rt_lib_shutdown_return
    libshutdown.o(.ARM.Collect$$libshutdown$$00000000) refers (Special) to libshutdown2.o(.ARM.Collect$$libshutdown$$0000000A) for __rt_lib_shutdown_signal_1
    libshutdown.o(.ARM.Collect$$libshutdown$$00000000) refers (Special) to libshutdown2.o(.ARM.Collect$$libshutdown$$00000004) for __rt_lib_shutdown_stdio_1
    libshutdown.o(.ARM.Collect$$libshutdown$$00000000) refers (Special) to libshutdown2.o(.ARM.Collect$$libshutdown$$0000000C) for __rt_lib_shutdown_user_alloc_1
    sys_command.o(.text) refers (Special) to use_no_semi.o(.text) for __I$use$semihosting
    sys_command.o(.text) refers (Special) to indicate_semi.o(.text) for __semihosting_library_function
    sys_command_hlt.o(.text) refers (Special) to use_no_semi.o(.text) for __I$use$semihosting
    sys_command_hlt.o(.text) refers (Special) to indicate_semi.o(.text) for __semihosting_library_function
    defsig_rtmem_outer.o(.text) refers to defsig_rtmem_inner.o(.text) for __rt_SIGRTMEM_inner
    defsig_rtmem_outer.o(.text) refers to defsig_exit.o(.text) for __sig_exit
    defsig_rtmem_formal.o(.text) refers to rt_raise.o(.text) for __rt_raise
    rt_raise.o(.text) refers to __raise.o(.text) for __raise
    rt_raise.o(.text) refers to sys_exit.o(.text) for _sys_exit
    defsig_exit.o(.text) refers to sys_exit.o(.text) for _sys_exit
    defsig_rtmem_inner.o(.text) refers to defsig_general.o(.text) for __default_signal_display
    __raise.o(.text) refers to defsig.o(CL$$defsig) for __default_signal_handler
    defsig_general.o(.text) refers to sys_wrch.o(.text) for _ttywrch
    sys_wrch.o(.text) refers (Special) to use_no_semi.o(.text) for __I$use$semihosting
    sys_wrch.o(.text) refers (Special) to indicate_semi.o(.text) for __semihosting_library_function
    sys_wrch_hlt.o(.text) refers (Special) to use_no_semi.o(.text) for __I$use$semihosting
    sys_wrch_hlt.o(.text) refers (Special) to indicate_semi.o(.text) for __semihosting_library_function
    defsig.o(CL$$defsig) refers to defsig_rtmem_inner.o(.text) for __rt_SIGRTMEM_inner
    defsig_abrt_inner.o(.text) refers to defsig_general.o(.text) for __default_signal_display
    defsig_fpe_inner.o(.text) refers to defsig_general.o(.text) for __default_signal_display
    defsig_rtred_inner.o(.text) refers to defsig_general.o(.text) for __default_signal_display
    defsig_stak_inner.o(.text) refers to defsig_general.o(.text) for __default_signal_display
    defsig_pvfn_inner.o(.text) refers to defsig_general.o(.text) for __default_signal_display
    defsig_cppl_inner.o(.text) refers to defsig_general.o(.text) for __default_signal_display
    defsig_segv_inner.o(.text) refers to defsig_general.o(.text) for __default_signal_display
    defsig_other.o(.text) refers to defsig_general.o(.text) for __default_signal_display


==============================================================================

Removing Unused input sections from the image.

    Removing main.o(.text), (0 bytes).
    Removing main.o(.ARM.exidx.text.main), (8 bytes).
    Removing main.o(.ARM.exidx.text.LPUART2_RxTx_IRQHandler), (8 bytes).
    Removing main.o(.ARM.exidx.text.LPUART1_RxTx_IRQHandler), (8 bytes).
    Removing main.o(.ARM.exidx.text.LPIT0_Ch0_IRQHandler), (8 bytes).
    Removing main.o(.ARM.exidx.text.PORTC_IRQHandler), (8 bytes).
    Removing main.o(.bss.g_RCF), (1 bytes).
    Removing main.o(.ARM.use_no_argv), (4 bytes).
    Removing func_s32k1xx.o(.text), (0 bytes).
    Removing func_s32k1xx.o(.ARM.exidx.text.f_SetClearBit), (8 bytes).
    Removing func_s32k1xx.o(.ARM.exidx.text.f_SetMultiBit), (8 bytes).
    Removing func_s32k1xx.o(.text.f_TogglePin), (36 bytes).
    Removing func_s32k1xx.o(.ARM.exidx.text.f_TogglePin), (8 bytes).
    Removing func_s32k1xx.o(.ARM.exidx.text.f_PinMode), (8 bytes).
    Removing func_s32k1xx.o(.ARM.exidx.text.f_DigitalWrite), (8 bytes).
    Removing func_s32k1xx.o(.ARM.exidx.text.f_GPIOPinInterrupt), (8 bytes).
    Removing func_s32k1xx.o(.ARM.exidx.text.f_SetNVIC), (8 bytes).
    Removing func_s32k1xx.o(.text.f_InitLPUART1), (226 bytes).
    Removing func_s32k1xx.o(.ARM.exidx.text.f_InitLPUART1), (8 bytes).
    Removing func_s32k1xx.o(.ARM.exidx.text.f_InterruptLPUART1), (8 bytes).
    Removing func_s32k1xx.o(.ARM.exidx.text.f_InterruptLPUART2), (8 bytes).
    Removing func_s32k1xx.o(.ARM.exidx.text.f_SysTickInit), (8 bytes).
    Removing func_s32k1xx.o(.text.f_delayMillis), (46 bytes).
    Removing func_s32k1xx.o(.ARM.exidx.text.f_delayMillis), (8 bytes).
    Removing func_s32k1xx.o(.text.f_delayMs), (32 bytes).
    Removing func_s32k1xx.o(.ARM.exidx.text.f_delayMs), (8 bytes).
    Removing func_s32k1xx.o(.ARM.exidx.text.f_SentSymbol), (8 bytes).
    Removing func_s32k1xx.o(.ARM.exidx.text.f_SentStringUART), (8 bytes).
    Removing func_s32k1xx.o(.text.f_SentSymbolSPI), (44 bytes).
    Removing func_s32k1xx.o(.ARM.exidx.text.f_SentSymbolSPI), (8 bytes).
    Removing func_s32k1xx.o(.ARM.exidx.text.f_SentMAX7219), (8 bytes).
    Removing func_s32k1xx.o(.text.f_SentStringSPI), (74 bytes).
    Removing func_s32k1xx.o(.ARM.exidx.text.f_SentStringSPI), (8 bytes).
    Removing func_s32k1xx.o(.text.f_CompareString), (130 bytes).
    Removing func_s32k1xx.o(.ARM.exidx.text.f_CompareString), (8 bytes).
    Removing func_s32k1xx.o(.text.f_InitLPIT), (124 bytes).
    Removing func_s32k1xx.o(.ARM.exidx.text.f_InitLPIT), (8 bytes).
    Removing func_s32k1xx.o(.ARM.exidx.text.f_InterruptLPIT), (8 bytes).
    Removing func_s32k1xx.o(.text.f_AnalogSetup), (396 bytes).
    Removing func_s32k1xx.o(.ARM.exidx.text.f_AnalogSetup), (8 bytes).
    Removing func_s32k1xx.o(.text.f_InitSPI0), (300 bytes).
    Removing func_s32k1xx.o(.ARM.exidx.text.f_InitSPI0), (8 bytes).
    Removing func_s32k1xx.o(.text.f_InitSPI1), (324 bytes).
    Removing func_s32k1xx.o(.ARM.exidx.text.f_InitSPI1), (8 bytes).
    Removing func_s32k1xx.o(.ARM.exidx.text.f_InitSPI_max7219), (8 bytes).
    Removing func_s32k1xx.o(.ARM.exidx.text.f_SetupMAX7219), (8 bytes).
    Removing func_s32k1xx.o(.ARM.exidx.text.f_SentClockMAX7219), (8 bytes).
    Removing func_s32k1xx.o(.ARM.exidx.text.f_SentDateMAX7219), (8 bytes).
    Removing func_s32k1xx.o(.text.f_ProcessADC), (184 bytes).
    Removing func_s32k1xx.o(.ARM.exidx.text.f_ProcessADC), (8 bytes).
    Removing func_s32k1xx.o(.ARM.exidx.text.f_UpdateTime), (8 bytes).
    Removing func_s32k1xx.o(.bss.g_type), (1 bytes).
    Removing startup.o(.text), (0 bytes).
    Removing startup.o(.ARM.exidx.text.init_data_bss), (8 bytes).
    Removing system_s32k144.o(.text), (0 bytes).
    Removing system_s32k144.o(.ARM.exidx.text.SystemInit), (8 bytes).
    Removing system_s32k144.o(.text.SystemCoreClockUpdate), (254 bytes).
    Removing system_s32k144.o(.ARM.exidx.text.SystemCoreClockUpdate), (8 bytes).
    Removing system_s32k144.o(.text.SystemSoftwareReset), (48 bytes).
    Removing system_s32k144.o(.ARM.exidx.text.SystemSoftwareReset), (8 bytes).
    Removing system_s32k144.o(.data.SystemCoreClock), (4 bytes).
    Removing system_s32k144.o(.rodata.SystemCoreClockUpdate.fircFreq), (4 bytes).

62 unused section(s) (total 2544 bytes) removed from the image.

==============================================================================

Image Symbol Table

    Local Symbols

    Symbol Name                              Value     Ov Type        Size  Object(Section)

    ../clib/angel/boardlib.s                 0x00000000   Number         0  boardinit1.o ABSOLUTE
    ../clib/angel/boardlib.s                 0x00000000   Number         0  boardinit2.o ABSOLUTE
    ../clib/angel/boardlib.s                 0x00000000   Number         0  boardinit3.o ABSOLUTE
    ../clib/angel/boardlib.s                 0x00000000   Number         0  boardshut.o ABSOLUTE
    ../clib/angel/handlers.s                 0x00000000   Number         0  __scatter_copy.o ABSOLUTE
    ../clib/angel/handlers.s                 0x00000000   Number         0  __scatter_zi.o ABSOLUTE
    ../clib/angel/kernel.s                   0x00000000   Number         0  __rtentry.o ABSOLUTE
    ../clib/angel/kernel.s                   0x00000000   Number         0  __rtentry2.o ABSOLUTE
    ../clib/angel/kernel.s                   0x00000000   Number         0  __rtentry4.o ABSOLUTE
    ../clib/angel/kernel.s                   0x00000000   Number         0  __rtentry7.o ABSOLUTE
    ../clib/angel/kernel.s                   0x00000000   Number         0  rtexit.o ABSOLUTE
    ../clib/angel/kernel.s                   0x00000000   Number         0  rtexit2.o ABSOLUTE
    ../clib/angel/rt.s                       0x00000000   Number         0  rt_raise.o ABSOLUTE
    ../clib/angel/scatter.s                  0x00000000   Number         0  __scatter.o ABSOLUTE
    ../clib/angel/startup.s                  0x00000000   Number         0  __main.o ABSOLUTE
    ../clib/angel/sys.s                      0x00000000   Number         0  sys_stackheap_outer.o ABSOLUTE
    ../clib/angel/sys.s                      0x00000000   Number         0  libspace.o ABSOLUTE
    ../clib/angel/sys.s                      0x00000000   Number         0  sys_stackheap.o ABSOLUTE
    ../clib/angel/sys.s                      0x00000000   Number         0  sys_stackheap_hlt.o ABSOLUTE
    ../clib/angel/sys.s                      0x00000000   Number         0  use_no_semi.o ABSOLUTE
    ../clib/angel/sys.s                      0x00000000   Number         0  indicate_semi.o ABSOLUTE
    ../clib/angel/sysapp.c                   0x00000000   Number         0  sys_exit.o ABSOLUTE
    ../clib/angel/sysapp.c                   0x00000000   Number         0  sys_exit_hlt.o ABSOLUTE
    ../clib/angel/sysapp.c                   0x00000000   Number         0  sys_command.o ABSOLUTE
    ../clib/angel/sysapp.c                   0x00000000   Number         0  sys_command_hlt.o ABSOLUTE
    ../clib/angel/sysapp.c                   0x00000000   Number         0  sys_wrch.o ABSOLUTE
    ../clib/angel/sysapp.c                   0x00000000   Number         0  sys_wrch_hlt.o ABSOLUTE
    ../clib/armsys.c                         0x00000000   Number         0  argv_veneer.o ABSOLUTE
    ../clib/armsys.c                         0x00000000   Number         0  argv_veneer.o ABSOLUTE
    ../clib/armsys.c                         0x00000000   Number         0  _get_argv_nomalloc.o ABSOLUTE
    ../clib/armsys.c                         0x00000000   Number         0  no_argv.o ABSOLUTE
    ../clib/heapalloc.c                      0x00000000   Number         0  hrguard.o ABSOLUTE
    ../clib/libinit.s                        0x00000000   Number         0  libinit.o ABSOLUTE
    ../clib/libinit.s                        0x00000000   Number         0  libinit2.o ABSOLUTE
    ../clib/libinit.s                        0x00000000   Number         0  libinit5.o ABSOLUTE
    ../clib/libinit.s                        0x00000000   Number         0  libshutdown.o ABSOLUTE
    ../clib/libinit.s                        0x00000000   Number         0  libshutdown2.o ABSOLUTE
    ../clib/signal.c                         0x00000000   Number         0  defsig_rtmem_outer.o ABSOLUTE
    ../clib/signal.c                         0x00000000   Number         0  defsig_rtmem_formal.o ABSOLUTE
    ../clib/signal.c                         0x00000000   Number         0  defsig_exit.o ABSOLUTE
    ../clib/signal.c                         0x00000000   Number         0  defsig_rtmem_inner.o ABSOLUTE
    ../clib/signal.c                         0x00000000   Number         0  __raise.o ABSOLUTE
    ../clib/signal.c                         0x00000000   Number         0  defsig_general.o ABSOLUTE
    ../clib/signal.c                         0x00000000   Number         0  defsig_abrt_inner.o ABSOLUTE
    ../clib/signal.c                         0x00000000   Number         0  defsig_fpe_inner.o ABSOLUTE
    ../clib/signal.c                         0x00000000   Number         0  defsig_rtred_inner.o ABSOLUTE
    ../clib/signal.c                         0x00000000   Number         0  defsig_stak_inner.o ABSOLUTE
    ../clib/signal.c                         0x00000000   Number         0  defsig_pvfn_inner.o ABSOLUTE
    ../clib/signal.c                         0x00000000   Number         0  defsig_cppl_inner.o ABSOLUTE
    ../clib/signal.c                         0x00000000   Number         0  defsig_segv_inner.o ABSOLUTE
    ../clib/signal.c                         0x00000000   Number         0  defsig_other.o ABSOLUTE
    ../clib/signal.s                         0x00000000   Number         0  defsig.o ABSOLUTE
    ../clib/stdlib.c                         0x00000000   Number         0  exit.o ABSOLUTE
    ../clib/string.c                         0x00000000   Number         0  strlen.o ABSOLUTE
    ../fplib/fpinit.s                        0x00000000   Number         0  fpinit.o ABSOLUTE
    RTE\Device\S32K144HAxxxLLx\startup_S32K144.S 0x00000000   Number         0  startup_s32k144.o ABSOLUTE
    dc.s                                     0x00000000   Number         0  dc.o ABSOLUTE
    func_s32k1xx.c                           0x00000000   Number         0  func_s32k1xx.o ABSOLUTE
    main.c                                   0x00000000   Number         0  main.o ABSOLUTE
    startup.c                                0x00000000   Number         0  startup.o ABSOLUTE
    system_S32K144.c                         0x00000000   Number         0  system_s32k144.o ABSOLUTE
    RESET                                    0x00000000   Section      560  startup_s32k144.o(RESET)
    FlashConfig                              0x00000400   Section       16  startup_s32k144.o(FlashConfig)
    s_vectors                                0x00000410   Data           4  startup.o(.rodata.s_vectors)
    [Anonymous Symbol]                       0x00000410   Section        0  startup.o(.rodata.s_vectors)
    .L.str                                   0x00000414   Data          15  main.o(.rodata.str1.1)
    [Anonymous Symbol]                       0x00000414   Section        0  main.o(.rodata.str1.1)
    !!!main                                  0x00000424   Section        8  __main.o(!!!main)
    !!!scatter                               0x0000042c   Section       52  __scatter.o(!!!scatter)
    !!handler_copy                           0x00000460   Section       26  __scatter_copy.o(!!handler_copy)
    !!handler_zi                             0x0000047c   Section       28  __scatter_zi.o(!!handler_zi)
    .ARM.Collect$$libinit$$00000000          0x00000498   Section        2  libinit.o(.ARM.Collect$$libinit$$00000000)
    .ARM.Collect$$libinit$$00000001          0x0000049a   Section        4  libinit2.o(.ARM.Collect$$libinit$$00000001)
    .ARM.Collect$$libinit$$00000004          0x0000049e   Section        0  libinit2.o(.ARM.Collect$$libinit$$00000004)
    .ARM.Collect$$libinit$$00000006          0x0000049e   Section        0  libinit2.o(.ARM.Collect$$libinit$$00000006)
    .ARM.Collect$$libinit$$0000000C          0x0000049e   Section        0  libinit2.o(.ARM.Collect$$libinit$$0000000C)
    .ARM.Collect$$libinit$$0000000E          0x0000049e   Section        0  libinit2.o(.ARM.Collect$$libinit$$0000000E)
    .ARM.Collect$$libinit$$00000010          0x0000049e   Section        0  libinit2.o(.ARM.Collect$$libinit$$00000010)
    .ARM.Collect$$libinit$$00000013          0x0000049e   Section        0  libinit2.o(.ARM.Collect$$libinit$$00000013)
    .ARM.Collect$$libinit$$00000015          0x0000049e   Section        0  libinit2.o(.ARM.Collect$$libinit$$00000015)
    .ARM.Collect$$libinit$$00000017          0x0000049e   Section        0  libinit2.o(.ARM.Collect$$libinit$$00000017)
    .ARM.Collect$$libinit$$00000019          0x0000049e   Section        0  libinit2.o(.ARM.Collect$$libinit$$00000019)
    .ARM.Collect$$libinit$$0000001B          0x0000049e   Section        0  libinit2.o(.ARM.Collect$$libinit$$0000001B)
    .ARM.Collect$$libinit$$0000001D          0x0000049e   Section        0  libinit2.o(.ARM.Collect$$libinit$$0000001D)
    .ARM.Collect$$libinit$$0000001F          0x0000049e   Section        0  libinit2.o(.ARM.Collect$$libinit$$0000001F)
    .ARM.Collect$$libinit$$00000021          0x0000049e   Section        0  libinit2.o(.ARM.Collect$$libinit$$00000021)
    .ARM.Collect$$libinit$$00000023          0x0000049e   Section        0  libinit2.o(.ARM.Collect$$libinit$$00000023)
    .ARM.Collect$$libinit$$00000025          0x0000049e   Section        0  libinit2.o(.ARM.Collect$$libinit$$00000025)
    .ARM.Collect$$libinit$$00000027          0x0000049e   Section        0  libinit2.o(.ARM.Collect$$libinit$$00000027)
    .ARM.Collect$$libinit$$0000002E          0x0000049e   Section        0  libinit2.o(.ARM.Collect$$libinit$$0000002E)
    .ARM.Collect$$libinit$$00000030          0x0000049e   Section        0  libinit2.o(.ARM.Collect$$libinit$$00000030)
    .ARM.Collect$$libinit$$00000032          0x0000049e   Section        0  libinit2.o(.ARM.Collect$$libinit$$00000032)
    .ARM.Collect$$libinit$$00000034          0x0000049e   Section        0  libinit2.o(.ARM.Collect$$libinit$$00000034)
    .ARM.Collect$$libinit$$00000035          0x0000049e   Section        2  libinit2.o(.ARM.Collect$$libinit$$00000035)
    .ARM.Collect$$libshutdown$$00000000      0x000004a0   Section        2  libshutdown.o(.ARM.Collect$$libshutdown$$00000000)
    .ARM.Collect$$libshutdown$$00000002      0x000004a2   Section        0  libshutdown2.o(.ARM.Collect$$libshutdown$$00000002)
    .ARM.Collect$$libshutdown$$00000004      0x000004a2   Section        0  libshutdown2.o(.ARM.Collect$$libshutdown$$00000004)
    .ARM.Collect$$libshutdown$$00000007      0x000004a2   Section        0  libshutdown2.o(.ARM.Collect$$libshutdown$$00000007)
    .ARM.Collect$$libshutdown$$0000000A      0x000004a2   Section        0  libshutdown2.o(.ARM.Collect$$libshutdown$$0000000A)
    .ARM.Collect$$libshutdown$$0000000C      0x000004a2   Section        0  libshutdown2.o(.ARM.Collect$$libshutdown$$0000000C)
    .ARM.Collect$$libshutdown$$0000000F      0x000004a2   Section        0  libshutdown2.o(.ARM.Collect$$libshutdown$$0000000F)
    .ARM.Collect$$libshutdown$$00000010      0x000004a2   Section        2  libshutdown2.o(.ARM.Collect$$libshutdown$$00000010)
    .ARM.Collect$$rtentry$$00000000          0x000004a4   Section        0  __rtentry.o(.ARM.Collect$$rtentry$$00000000)
    .ARM.Collect$$rtentry$$00000002          0x000004a4   Section        0  __rtentry2.o(.ARM.Collect$$rtentry$$00000002)
    .ARM.Collect$$rtentry$$00000007          0x000004a4   Section        4  __rtentry7.o(.ARM.Collect$$rtentry$$00000007)
    .ARM.Collect$$rtentry$$00000009          0x000004a8   Section        0  __rtentry2.o(.ARM.Collect$$rtentry$$00000009)
    .ARM.Collect$$rtentry$$0000000A          0x000004a8   Section        4  __rtentry2.o(.ARM.Collect$$rtentry$$0000000A)
    .ARM.Collect$$rtentry$$0000000C          0x000004ac   Section        0  __rtentry2.o(.ARM.Collect$$rtentry$$0000000C)
    .ARM.Collect$$rtentry$$0000000D          0x000004ac   Section        8  __rtentry2.o(.ARM.Collect$$rtentry$$0000000D)
    __lit__00000000                          0x000004b4   Data           4  __rtentry7.o(.ARM.Collect$$rtentry$$00002718)
    .ARM.Collect$$rtentry$$00002718          0x000004b4   Section        4  __rtentry7.o(.ARM.Collect$$rtentry$$00002718)
    .ARM.Collect$$rtexit$$00000000           0x000004b8   Section        2  rtexit.o(.ARM.Collect$$rtexit$$00000000)
    .ARM.Collect$$rtexit$$00000002           0x000004ba   Section        0  rtexit2.o(.ARM.Collect$$rtexit$$00000002)
    .ARM.Collect$$rtexit$$00000003           0x000004ba   Section        4  rtexit2.o(.ARM.Collect$$rtexit$$00000003)
    .ARM.Collect$$rtexit$$00000004           0x000004be   Section        6  rtexit2.o(.ARM.Collect$$rtexit$$00000004)
    .text                                    0x000004c4   Section      156  startup_s32k144.o(.text)
    $v0                                      0x00000518   Number         0  startup_s32k144.o(.text)
    .text                                    0x00000560   Section        0  exit.o(.text)
    .text                                    0x00000572   Section        2  use_no_semi.o(.text)
    .text                                    0x00000574   Section        0  indicate_semi.o(.text)
    .text                                    0x00000574   Section        0  sys_exit.o(.text)
    [Anonymous Symbol]                       0x00000580   Section        0  main.o(.text.LPIT0_Ch0_IRQHandler)
    [Anonymous Symbol]                       0x000005b4   Section        0  main.o(.text.LPUART1_RxTx_IRQHandler)
    [Anonymous Symbol]                       0x000006e4   Section        0  main.o(.text.LPUART2_RxTx_IRQHandler)
    [Anonymous Symbol]                       0x00000814   Section        0  main.o(.text.PORTC_IRQHandler)
    [Anonymous Symbol]                       0x00000908   Section        0  system_s32k144.o(.text.SystemInit)
    [Anonymous Symbol]                       0x0000095c   Section        0  func_s32k1xx.o(.text.f_DigitalWrite)
    [Anonymous Symbol]                       0x00000a18   Section        0  func_s32k1xx.o(.text.f_GPIOPinInterrupt)
    [Anonymous Symbol]                       0x00000b40   Section        0  func_s32k1xx.o(.text.f_InitSPI_max7219)
    [Anonymous Symbol]                       0x00000c64   Section        0  func_s32k1xx.o(.text.f_InterruptLPIT)
    [Anonymous Symbol]                       0x00000d10   Section        0  func_s32k1xx.o(.text.f_InterruptLPUART1)
    [Anonymous Symbol]                       0x00000dfc   Section        0  func_s32k1xx.o(.text.f_InterruptLPUART2)
    [Anonymous Symbol]                       0x00000ee8   Section        0  func_s32k1xx.o(.text.f_PinMode)
    [Anonymous Symbol]                       0x00001094   Section        0  func_s32k1xx.o(.text.f_SentClockMAX7219)
    [Anonymous Symbol]                       0x00001244   Section        0  func_s32k1xx.o(.text.f_SentDateMAX7219)
    [Anonymous Symbol]                       0x0000145c   Section        0  func_s32k1xx.o(.text.f_SentMAX7219)
    [Anonymous Symbol]                       0x00001488   Section        0  func_s32k1xx.o(.text.f_SentStringUART)
    [Anonymous Symbol]                       0x000014ac   Section        0  func_s32k1xx.o(.text.f_SentSymbol)
    [Anonymous Symbol]                       0x000014dc   Section        0  func_s32k1xx.o(.text.f_SetClearBit)
    [Anonymous Symbol]                       0x0000151c   Section        0  func_s32k1xx.o(.text.f_SetMultiBit)
    [Anonymous Symbol]                       0x00001550   Section        0  func_s32k1xx.o(.text.f_SetNVIC)
    [Anonymous Symbol]                       0x00001594   Section        0  func_s32k1xx.o(.text.f_SetupMAX7219)
    [Anonymous Symbol]                       0x0000162c   Section        0  func_s32k1xx.o(.text.f_SysTickInit)
    [Anonymous Symbol]                       0x00001694   Section        0  func_s32k1xx.o(.text.f_UpdateTime)
    [Anonymous Symbol]                       0x00001aac   Section        0  startup.o(.text.init_data_bss)
    [Anonymous Symbol]                       0x00001b4c   Section        0  main.o(.text.main)
    $v0                                      0x00001c6c   Number         0  fpinit.o(x$fpl$fpinit)
    x$fpl$fpinit                             0x00001c6c   Section       26  fpinit.o(x$fpl$fpinit)
    g_PowerMAX7219                           0x1fff8400   Data           1  main.o(.data.g_PowerMAX7219)
    [Anonymous Symbol]                       0x1fff8400   Section        0  main.o(.data.g_PowerMAX7219)
    g_flagDateUART                           0x20000018   Data           1  main.o(.bss.g_flagDateUART)
    [Anonymous Symbol]                       0x20000018   Section        0  main.o(.bss.g_flagDateUART)
    g_flagReceive                            0x20000019   Data           1  main.o(.bss.g_flagReceive)
    [Anonymous Symbol]                       0x20000019   Section        0  main.o(.bss.g_flagReceive)
    g_flagUpdate                             0x2000001a   Data           1  main.o(.bss.g_flagUpdate)
    [Anonymous Symbol]                       0x2000001a   Section        0  main.o(.bss.g_flagUpdate)
    index                                    0x2000001b   Data           1  main.o(.bss.index)
    [Anonymous Symbol]                       0x2000001b   Section        0  main.o(.bss.index)

    Global Symbols

    Symbol Name                              Value     Ov Type        Size  Object(Section)

    BuildAttributes$$THM_ISAv4$E$P$D$K$B$S$7EM$VFPi3$EXTD16$VFPS$VFMA$PE$A:L22UL41UL21$X:L11$S22US41US21$IEEE1$IW$~IW$USESV6$~STKCKD$USESV7$~SHL$OSPACE$ROPI$EBA8$UX$STANDARDLIB$REQ8$PRES8$EABIv2 0x00000000   Number         0  anon$$obj.o ABSOLUTE
    Image$$RW_m_code$$Length                 0x00000000   Number         0  anon$$obj.o ABSOLUTE
    Image$$VECTOR_RAM$$Length                0x00000000   Number         0  anon$$obj.o ABSOLUTE
    Image$$VECTOR_ROM$$Base                  0x00000000   Number         0  anon$$obj.o ABSOLUTE
    __Vectors                                0x00000000   Data           4  startup_s32k144.o(RESET)
    Image$$ZI$$Limit                          - Undefined Weak Reference
    __ARM_exceptions_init                     - Undefined Weak Reference
    __alloca_initialize                       - Undefined Weak Reference
    __arm_preinit_                            - Undefined Weak Reference
    __arm_relocate_pie_                       - Undefined Weak Reference
    __cpp_initialize__aeabi_                  - Undefined Weak Reference
    __cxa_finalize                            - Undefined Weak Reference
    __rt_locale                               - Undefined Weak Reference
    __sigvec_lookup                           - Undefined Weak Reference
    _atexit_init                              - Undefined Weak Reference
    _call_atexit_fns                          - Undefined Weak Reference
    _clock_init                               - Undefined Weak Reference
    _fp_trap_init                             - Undefined Weak Reference
    _fp_trap_shutdown                         - Undefined Weak Reference
    _get_lc_collate                           - Undefined Weak Reference
    _get_lc_ctype                             - Undefined Weak Reference
    _get_lc_monetary                          - Undefined Weak Reference
    _get_lc_numeric                           - Undefined Weak Reference
    _get_lc_time                              - Undefined Weak Reference
    _getenv_init                              - Undefined Weak Reference
    _handle_redirection                       - Undefined Weak Reference
    _init_alloc                               - Undefined Weak Reference
    _init_user_alloc                          - Undefined Weak Reference
    _initio                                   - Undefined Weak Reference
    _rand_init                                - Undefined Weak Reference
    _signal_finish                            - Undefined Weak Reference
    _signal_init                              - Undefined Weak Reference
    _terminate_alloc                          - Undefined Weak Reference
    _terminate_user_alloc                     - Undefined Weak Reference
    _terminateio                              - Undefined Weak Reference
    Image$$RW_m_data$$Length                 0x0000000c   Number         0  anon$$obj.o ABSOLUTE
    Image$$VECTOR_ROM$$Length                0x00000230   Number         0  anon$$obj.o ABSOLUTE
    Image$$VECTOR_ROM$$Limit                 0x00000230   Number         0  anon$$obj.o ABSOLUTE
    Image$$ER_m_text_const$$Base             0x00000410   Number         0  anon$$obj.o ABSOLUTE
    Image$$ER_m_text_const$$Limit            0x00000424   Number         0  anon$$obj.o ABSOLUTE
    __main                                   0x00000425   Thumb Code     8  __main.o(!!!main)
    __scatterload                            0x0000042d   Thumb Code     0  __scatter.o(!!!scatter)
    __scatterload_rt2                        0x0000042d   Thumb Code    44  __scatter.o(!!!scatter)
    __scatterload_rt2_thumb_only             0x0000042d   Thumb Code     0  __scatter.o(!!!scatter)
    __scatterload_null                       0x0000043b   Thumb Code     0  __scatter.o(!!!scatter)
    __scatterload_copy                       0x00000461   Thumb Code    26  __scatter_copy.o(!!handler_copy)
    __scatterload_zeroinit                   0x0000047d   Thumb Code    28  __scatter_zi.o(!!handler_zi)
    __rt_lib_init                            0x00000499   Thumb Code     0  libinit.o(.ARM.Collect$$libinit$$00000000)
    __rt_lib_init_fp_1                       0x0000049b   Thumb Code     0  libinit2.o(.ARM.Collect$$libinit$$00000001)
    __rt_lib_init_alloca_1                   0x0000049f   Thumb Code     0  libinit2.o(.ARM.Collect$$libinit$$00000030)
    __rt_lib_init_argv_1                     0x0000049f   Thumb Code     0  libinit2.o(.ARM.Collect$$libinit$$0000002E)
    __rt_lib_init_atexit_1                   0x0000049f   Thumb Code     0  libinit2.o(.ARM.Collect$$libinit$$0000001D)
    __rt_lib_init_clock_1                    0x0000049f   Thumb Code     0  libinit2.o(.ARM.Collect$$libinit$$00000023)
    __rt_lib_init_cpp_1                      0x0000049f   Thumb Code     0  libinit2.o(.ARM.Collect$$libinit$$00000034)
    __rt_lib_init_exceptions_1               0x0000049f   Thumb Code     0  libinit2.o(.ARM.Collect$$libinit$$00000032)
    __rt_lib_init_fp_trap_1                  0x0000049f   Thumb Code     0  libinit2.o(.ARM.Collect$$libinit$$00000021)
    __rt_lib_init_getenv_1                   0x0000049f   Thumb Code     0  libinit2.o(.ARM.Collect$$libinit$$00000025)
    __rt_lib_init_heap_1                     0x0000049f   Thumb Code     0  libinit2.o(.ARM.Collect$$libinit$$0000000C)
    __rt_lib_init_lc_collate_1               0x0000049f   Thumb Code     0  libinit2.o(.ARM.Collect$$libinit$$00000013)
    __rt_lib_init_lc_ctype_1                 0x0000049f   Thumb Code     0  libinit2.o(.ARM.Collect$$libinit$$00000015)
    __rt_lib_init_lc_monetary_1              0x0000049f   Thumb Code     0  libinit2.o(.ARM.Collect$$libinit$$00000017)
    __rt_lib_init_lc_numeric_1               0x0000049f   Thumb Code     0  libinit2.o(.ARM.Collect$$libinit$$00000019)
    __rt_lib_init_lc_time_1                  0x0000049f   Thumb Code     0  libinit2.o(.ARM.Collect$$libinit$$0000001B)
    __rt_lib_init_preinit_1                  0x0000049f   Thumb Code     0  libinit2.o(.ARM.Collect$$libinit$$00000006)
    __rt_lib_init_rand_1                     0x0000049f   Thumb Code     0  libinit2.o(.ARM.Collect$$libinit$$00000010)
    __rt_lib_init_relocate_pie_1             0x0000049f   Thumb Code     0  libinit2.o(.ARM.Collect$$libinit$$00000004)
    __rt_lib_init_return                     0x0000049f   Thumb Code     0  libinit2.o(.ARM.Collect$$libinit$$00000035)
    __rt_lib_init_signal_1                   0x0000049f   Thumb Code     0  libinit2.o(.ARM.Collect$$libinit$$0000001F)
    __rt_lib_init_stdio_1                    0x0000049f   Thumb Code     0  libinit2.o(.ARM.Collect$$libinit$$00000027)
    __rt_lib_init_user_alloc_1               0x0000049f   Thumb Code     0  libinit2.o(.ARM.Collect$$libinit$$0000000E)
    __rt_lib_shutdown                        0x000004a1   Thumb Code     0  libshutdown.o(.ARM.Collect$$libshutdown$$00000000)
    __rt_lib_shutdown_cpp_1                  0x000004a3   Thumb Code     0  libshutdown2.o(.ARM.Collect$$libshutdown$$00000002)
    __rt_lib_shutdown_fp_trap_1              0x000004a3   Thumb Code     0  libshutdown2.o(.ARM.Collect$$libshutdown$$00000007)
    __rt_lib_shutdown_heap_1                 0x000004a3   Thumb Code     0  libshutdown2.o(.ARM.Collect$$libshutdown$$0000000F)
    __rt_lib_shutdown_return                 0x000004a3   Thumb Code     0  libshutdown2.o(.ARM.Collect$$libshutdown$$00000010)
    __rt_lib_shutdown_signal_1               0x000004a3   Thumb Code     0  libshutdown2.o(.ARM.Collect$$libshutdown$$0000000A)
    __rt_lib_shutdown_stdio_1                0x000004a3   Thumb Code     0  libshutdown2.o(.ARM.Collect$$libshutdown$$00000004)
    __rt_lib_shutdown_user_alloc_1           0x000004a3   Thumb Code     0  libshutdown2.o(.ARM.Collect$$libshutdown$$0000000C)
    __rt_entry                               0x000004a5   Thumb Code     0  __rtentry.o(.ARM.Collect$$rtentry$$00000000)
    __rt_entry_presh_1                       0x000004a5   Thumb Code     0  __rtentry2.o(.ARM.Collect$$rtentry$$00000002)
    __rt_entry_sh                            0x000004a5   Thumb Code     0  __rtentry7.o(.ARM.Collect$$rtentry$$00000007)
    __rt_entry_li                            0x000004a9   Thumb Code     0  __rtentry2.o(.ARM.Collect$$rtentry$$0000000A)
    __rt_entry_postsh_1                      0x000004a9   Thumb Code     0  __rtentry2.o(.ARM.Collect$$rtentry$$00000009)
    __rt_entry_main                          0x000004ad   Thumb Code     0  __rtentry2.o(.ARM.Collect$$rtentry$$0000000D)
    __rt_entry_postli_1                      0x000004ad   Thumb Code     0  __rtentry2.o(.ARM.Collect$$rtentry$$0000000C)
    __rt_exit                                0x000004b9   Thumb Code     0  rtexit.o(.ARM.Collect$$rtexit$$00000000)
    __rt_exit_ls                             0x000004bb   Thumb Code     0  rtexit2.o(.ARM.Collect$$rtexit$$00000003)
    __rt_exit_prels_1                        0x000004bb   Thumb Code     0  rtexit2.o(.ARM.Collect$$rtexit$$00000002)
    __rt_exit_exit                           0x000004bf   Thumb Code     0  rtexit2.o(.ARM.Collect$$rtexit$$00000004)
    __RAM_VECTOR_TABLE_SIZE                  0x000004c4   Data           4  startup_s32k144.o(.text)
    __VECTOR_RAM                             0x000004c8   Data           4  startup_s32k144.o(.text)
    __VECTOR_ROM                             0x000004cc   Data           4  startup_s32k144.o(.text)
    __VECTOR_ROM_START                       0x000004d0   Data           4  startup_s32k144.o(.text)
    __VECTOR_ROM_END                         0x000004d4   Data           4  startup_s32k144.o(.text)
    __CODE_ROM                               0x000004d8   Data           4  startup_s32k144.o(.text)
    __CODE_END                               0x000004dc   Data           4  startup_s32k144.o(.text)
    __CODE_RAM                               0x000004e0   Data           4  startup_s32k144.o(.text)
    __CODE_RAM_START                         0x000004e4   Data           4  startup_s32k144.o(.text)
    __CODE_RAM_END                           0x000004e8   Data           4  startup_s32k144.o(.text)
    __BSS_START                              0x000004ec   Data           4  startup_s32k144.o(.text)
    __BSS_END                                0x000004f0   Data           4  startup_s32k144.o(.text)
    __DATA_RAM                               0x000004f4   Data           4  startup_s32k144.o(.text)
    __DATA_RAM_START                         0x000004f8   Data           4  startup_s32k144.o(.text)
    __DATA_RAM_END                           0x000004fc   Data           4  startup_s32k144.o(.text)
    __DATA_ROM                               0x00000500   Data           4  startup_s32k144.o(.text)
    __DATA_END                               0x00000504   Data           4  startup_s32k144.o(.text)
    __CUSTOM_SECTION_START                   0x00000508   Data           4  startup_s32k144.o(.text)
    __CUSTOM_SECTION_END                     0x0000050c   Data           4  startup_s32k144.o(.text)
    __RAM_START                              0x00000510   Data           4  startup_s32k144.o(.text)
    __RAM_END                                0x00000514   Data           4  startup_s32k144.o(.text)
    Reset_Handler                            0x00000519   Thumb Code    28  startup_s32k144.o(.text)
    NMI_Handler                              0x00000535   Thumb Code     2  startup_s32k144.o(.text)
    HardFault_Handler                        0x00000537   Thumb Code     2  startup_s32k144.o(.text)
    MemManage_Handler                        0x00000539   Thumb Code     2  startup_s32k144.o(.text)
    BusFault_Handler                         0x0000053b   Thumb Code     2  startup_s32k144.o(.text)
    UsageFault_Handler                       0x0000053d   Thumb Code     2  startup_s32k144.o(.text)
    SVC_Handler                              0x0000053f   Thumb Code     2  startup_s32k144.o(.text)
    DebugMon_Handler                         0x00000541   Thumb Code     2  startup_s32k144.o(.text)
    PendSV_Handler                           0x00000543   Thumb Code     2  startup_s32k144.o(.text)
    SysTick_Handler                          0x00000545   Thumb Code     2  startup_s32k144.o(.text)
    DefaultISR                               0x00000547   Thumb Code     2  startup_s32k144.o(.text)
    ADC0_IRQHandler                          0x00000549   Thumb Code     0  startup_s32k144.o(.text)
    ADC1_IRQHandler                          0x00000549   Thumb Code     0  startup_s32k144.o(.text)
    CAN0_Error_IRQHandler                    0x00000549   Thumb Code     0  startup_s32k144.o(.text)
    CAN0_ORed_0_15_MB_IRQHandler             0x00000549   Thumb Code     0  startup_s32k144.o(.text)
    CAN0_ORed_16_31_MB_IRQHandler            0x00000549   Thumb Code     0  startup_s32k144.o(.text)
    CAN0_ORed_IRQHandler                     0x00000549   Thumb Code     0  startup_s32k144.o(.text)
    CAN0_Wake_Up_IRQHandler                  0x00000549   Thumb Code     0  startup_s32k144.o(.text)
    CAN1_Error_IRQHandler                    0x00000549   Thumb Code     0  startup_s32k144.o(.text)
    CAN1_ORed_0_15_MB_IRQHandler             0x00000549   Thumb Code     0  startup_s32k144.o(.text)
    CAN1_ORed_IRQHandler                     0x00000549   Thumb Code     0  startup_s32k144.o(.text)
    CAN2_Error_IRQHandler                    0x00000549   Thumb Code     0  startup_s32k144.o(.text)
    CAN2_ORed_0_15_MB_IRQHandler             0x00000549   Thumb Code     0  startup_s32k144.o(.text)
    CAN2_ORed_IRQHandler                     0x00000549   Thumb Code     0  startup_s32k144.o(.text)
    CMP0_IRQHandler                          0x00000549   Thumb Code     0  startup_s32k144.o(.text)
    DMA0_IRQHandler                          0x00000549   Thumb Code     0  startup_s32k144.o(.text)
    DMA10_IRQHandler                         0x00000549   Thumb Code     0  startup_s32k144.o(.text)
    DMA11_IRQHandler                         0x00000549   Thumb Code     0  startup_s32k144.o(.text)
    DMA12_IRQHandler                         0x00000549   Thumb Code     0  startup_s32k144.o(.text)
    DMA13_IRQHandler                         0x00000549   Thumb Code     0  startup_s32k144.o(.text)
    DMA14_IRQHandler                         0x00000549   Thumb Code     0  startup_s32k144.o(.text)
    DMA15_IRQHandler                         0x00000549   Thumb Code     0  startup_s32k144.o(.text)
    DMA1_IRQHandler                          0x00000549   Thumb Code     0  startup_s32k144.o(.text)
    DMA2_IRQHandler                          0x00000549   Thumb Code     0  startup_s32k144.o(.text)
    DMA3_IRQHandler                          0x00000549   Thumb Code     0  startup_s32k144.o(.text)
    DMA4_IRQHandler                          0x00000549   Thumb Code     0  startup_s32k144.o(.text)
    DMA5_IRQHandler                          0x00000549   Thumb Code     0  startup_s32k144.o(.text)
    DMA6_IRQHandler                          0x00000549   Thumb Code     0  startup_s32k144.o(.text)
    DMA7_IRQHandler                          0x00000549   Thumb Code     0  startup_s32k144.o(.text)
    DMA8_IRQHandler                          0x00000549   Thumb Code     0  startup_s32k144.o(.text)
    DMA9_IRQHandler                          0x00000549   Thumb Code     0  startup_s32k144.o(.text)
    DMA_Error_IRQHandler                     0x00000549   Thumb Code     0  startup_s32k144.o(.text)
    ERM_double_fault_IRQHandler              0x00000549   Thumb Code     0  startup_s32k144.o(.text)
    ERM_single_fault_IRQHandler              0x00000549   Thumb Code     0  startup_s32k144.o(.text)
    FLEXIO_IRQHandler                        0x00000549   Thumb Code     0  startup_s32k144.o(.text)
    FTFC_Fault_IRQHandler                    0x00000549   Thumb Code     0  startup_s32k144.o(.text)
    FTFC_IRQHandler                          0x00000549   Thumb Code     0  startup_s32k144.o(.text)
    FTM0_Ch0_Ch1_IRQHandler                  0x00000549   Thumb Code     0  startup_s32k144.o(.text)
    FTM0_Ch2_Ch3_IRQHandler                  0x00000549   Thumb Code     0  startup_s32k144.o(.text)
    FTM0_Ch4_Ch5_IRQHandler                  0x00000549   Thumb Code     0  startup_s32k144.o(.text)
    FTM0_Ch6_Ch7_IRQHandler                  0x00000549   Thumb Code     0  startup_s32k144.o(.text)
    FTM0_Fault_IRQHandler                    0x00000549   Thumb Code     0  startup_s32k144.o(.text)
    FTM0_Ovf_Reload_IRQHandler               0x00000549   Thumb Code     0  startup_s32k144.o(.text)
    FTM1_Ch0_Ch1_IRQHandler                  0x00000549   Thumb Code     0  startup_s32k144.o(.text)
    FTM1_Ch2_Ch3_IRQHandler                  0x00000549   Thumb Code     0  startup_s32k144.o(.text)
    FTM1_Ch4_Ch5_IRQHandler                  0x00000549   Thumb Code     0  startup_s32k144.o(.text)
    FTM1_Ch6_Ch7_IRQHandler                  0x00000549   Thumb Code     0  startup_s32k144.o(.text)
    FTM1_Fault_IRQHandler                    0x00000549   Thumb Code     0  startup_s32k144.o(.text)
    FTM1_Ovf_Reload_IRQHandler               0x00000549   Thumb Code     0  startup_s32k144.o(.text)
    FTM2_Ch0_Ch1_IRQHandler                  0x00000549   Thumb Code     0  startup_s32k144.o(.text)
    FTM2_Ch2_Ch3_IRQHandler                  0x00000549   Thumb Code     0  startup_s32k144.o(.text)
    FTM2_Ch4_Ch5_IRQHandler                  0x00000549   Thumb Code     0  startup_s32k144.o(.text)
    FTM2_Ch6_Ch7_IRQHandler                  0x00000549   Thumb Code     0  startup_s32k144.o(.text)
    FTM2_Fault_IRQHandler                    0x00000549   Thumb Code     0  startup_s32k144.o(.text)
    FTM2_Ovf_Reload_IRQHandler               0x00000549   Thumb Code     0  startup_s32k144.o(.text)
    FTM3_Ch0_Ch1_IRQHandler                  0x00000549   Thumb Code     0  startup_s32k144.o(.text)
    FTM3_Ch2_Ch3_IRQHandler                  0x00000549   Thumb Code     0  startup_s32k144.o(.text)
    FTM3_Ch4_Ch5_IRQHandler                  0x00000549   Thumb Code     0  startup_s32k144.o(.text)
    FTM3_Ch6_Ch7_IRQHandler                  0x00000549   Thumb Code     0  startup_s32k144.o(.text)
    FTM3_Fault_IRQHandler                    0x00000549   Thumb Code     0  startup_s32k144.o(.text)
    FTM3_Ovf_Reload_IRQHandler               0x00000549   Thumb Code     0  startup_s32k144.o(.text)
    LPI2C0_Master_IRQHandler                 0x00000549   Thumb Code     0  startup_s32k144.o(.text)
    LPI2C0_Slave_IRQHandler                  0x00000549   Thumb Code     0  startup_s32k144.o(.text)
    LPIT0_Ch1_IRQHandler                     0x00000549   Thumb Code     0  startup_s32k144.o(.text)
    LPIT0_Ch2_IRQHandler                     0x00000549   Thumb Code     0  startup_s32k144.o(.text)
    LPIT0_Ch3_IRQHandler                     0x00000549   Thumb Code     0  startup_s32k144.o(.text)
    LPSPI0_IRQHandler                        0x00000549   Thumb Code     0  startup_s32k144.o(.text)
    LPSPI1_IRQHandler                        0x00000549   Thumb Code     0  startup_s32k144.o(.text)
    LPSPI2_IRQHandler                        0x00000549   Thumb Code     0  startup_s32k144.o(.text)
    LPTMR0_IRQHandler                        0x00000549   Thumb Code     0  startup_s32k144.o(.text)
    LPUART0_RxTx_IRQHandler                  0x00000549   Thumb Code     0  startup_s32k144.o(.text)
    LVD_LVW_IRQHandler                       0x00000549   Thumb Code     0  startup_s32k144.o(.text)
    MCM_IRQHandler                           0x00000549   Thumb Code     0  startup_s32k144.o(.text)
    PDB0_IRQHandler                          0x00000549   Thumb Code     0  startup_s32k144.o(.text)
    PDB1_IRQHandler                          0x00000549   Thumb Code     0  startup_s32k144.o(.text)
    PORTA_IRQHandler                         0x00000549   Thumb Code     0  startup_s32k144.o(.text)
    PORTB_IRQHandler                         0x00000549   Thumb Code     0  startup_s32k144.o(.text)
    PORTD_IRQHandler                         0x00000549   Thumb Code     0  startup_s32k144.o(.text)
    PORTE_IRQHandler                         0x00000549   Thumb Code     0  startup_s32k144.o(.text)
    RCM_IRQHandler                           0x00000549   Thumb Code     0  startup_s32k144.o(.text)
    RTC_IRQHandler                           0x00000549   Thumb Code     0  startup_s32k144.o(.text)
    RTC_Seconds_IRQHandler                   0x00000549   Thumb Code     0  startup_s32k144.o(.text)
    Read_Collision_IRQHandler                0x00000549   Thumb Code     0  startup_s32k144.o(.text)
    Reserved100_IRQHandler                   0x00000549   Thumb Code     0  startup_s32k144.o(.text)
    Reserved103_IRQHandler                   0x00000549   Thumb Code     0  startup_s32k144.o(.text)
    Reserved105_IRQHandler                   0x00000549   Thumb Code     0  startup_s32k144.o(.text)
    Reserved106_IRQHandler                   0x00000549   Thumb Code     0  startup_s32k144.o(.text)
    Reserved107_IRQHandler                   0x00000549   Thumb Code     0  startup_s32k144.o(.text)
    Reserved110_IRQHandler                   0x00000549   Thumb Code     0  startup_s32k144.o(.text)
    Reserved112_IRQHandler                   0x00000549   Thumb Code     0  startup_s32k144.o(.text)
    Reserved113_IRQHandler                   0x00000549   Thumb Code     0  startup_s32k144.o(.text)
    Reserved114_IRQHandler                   0x00000549   Thumb Code     0  startup_s32k144.o(.text)
    Reserved45_IRQHandler                    0x00000549   Thumb Code     0  startup_s32k144.o(.text)
    Reserved46_IRQHandler                    0x00000549   Thumb Code     0  startup_s32k144.o(.text)
    Reserved48_IRQHandler                    0x00000549   Thumb Code     0  startup_s32k144.o(.text)
    Reserved50_IRQHandler                    0x00000549   Thumb Code     0  startup_s32k144.o(.text)
    Reserved52_IRQHandler                    0x00000549   Thumb Code     0  startup_s32k144.o(.text)
    Reserved53_IRQHandler                    0x00000549   Thumb Code     0  startup_s32k144.o(.text)
    Reserved54_IRQHandler                    0x00000549   Thumb Code     0  startup_s32k144.o(.text)
    Reserved58_IRQHandler                    0x00000549   Thumb Code     0  startup_s32k144.o(.text)
    Reserved59_IRQHandler                    0x00000549   Thumb Code     0  startup_s32k144.o(.text)
    Reserved69_IRQHandler                    0x00000549   Thumb Code     0  startup_s32k144.o(.text)
    Reserved70_IRQHandler                    0x00000549   Thumb Code     0  startup_s32k144.o(.text)
    Reserved71_IRQHandler                    0x00000549   Thumb Code     0  startup_s32k144.o(.text)
    Reserved72_IRQHandler                    0x00000549   Thumb Code     0  startup_s32k144.o(.text)
    Reserved81_IRQHandler                    0x00000549   Thumb Code     0  startup_s32k144.o(.text)
    Reserved82_IRQHandler                    0x00000549   Thumb Code     0  startup_s32k144.o(.text)
    Reserved83_IRQHandler                    0x00000549   Thumb Code     0  startup_s32k144.o(.text)
    Reserved86_IRQHandler                    0x00000549   Thumb Code     0  startup_s32k144.o(.text)
    Reserved87_IRQHandler                    0x00000549   Thumb Code     0  startup_s32k144.o(.text)
    Reserved88_IRQHandler                    0x00000549   Thumb Code     0  startup_s32k144.o(.text)
    Reserved89_IRQHandler                    0x00000549   Thumb Code     0  startup_s32k144.o(.text)
    Reserved90_IRQHandler                    0x00000549   Thumb Code     0  startup_s32k144.o(.text)
    Reserved91_IRQHandler                    0x00000549   Thumb Code     0  startup_s32k144.o(.text)
    Reserved92_IRQHandler                    0x00000549   Thumb Code     0  startup_s32k144.o(.text)
    Reserved93_IRQHandler                    0x00000549   Thumb Code     0  startup_s32k144.o(.text)
    Reserved99_IRQHandler                    0x00000549   Thumb Code     0  startup_s32k144.o(.text)
    SCG_IRQHandler                           0x00000549   Thumb Code     0  startup_s32k144.o(.text)
    SWI_IRQHandler                           0x00000549   Thumb Code     0  startup_s32k144.o(.text)
    WDOG_EWM_IRQHandler                      0x00000549   Thumb Code     0  startup_s32k144.o(.text)
    exit                                     0x00000561   Thumb Code    18  exit.o(.text)
    __I$use$semihosting                      0x00000573   Thumb Code     0  use_no_semi.o(.text)
    __use_no_semihosting_swi                 0x00000573   Thumb Code     2  use_no_semi.o(.text)
    __semihosting_library_function           0x00000575   Thumb Code     0  indicate_semi.o(.text)
    _sys_exit                                0x00000575   Thumb Code     8  sys_exit.o(.text)
    LPIT0_Ch0_IRQHandler                     0x00000581   Thumb Code    52  main.o(.text.LPIT0_Ch0_IRQHandler)
    LPUART1_RxTx_IRQHandler                  0x000005b5   Thumb Code   302  main.o(.text.LPUART1_RxTx_IRQHandler)
    LPUART2_RxTx_IRQHandler                  0x000006e5   Thumb Code   302  main.o(.text.LPUART2_RxTx_IRQHandler)
    PORTC_IRQHandler                         0x00000815   Thumb Code   242  main.o(.text.PORTC_IRQHandler)
    SystemInit                               0x00000909   Thumb Code    82  system_s32k144.o(.text.SystemInit)
    f_DigitalWrite                           0x0000095d   Thumb Code   186  func_s32k1xx.o(.text.f_DigitalWrite)
    f_GPIOPinInterrupt                       0x00000a19   Thumb Code   296  func_s32k1xx.o(.text.f_GPIOPinInterrupt)
    f_InitSPI_max7219                        0x00000b41   Thumb Code   292  func_s32k1xx.o(.text.f_InitSPI_max7219)
    f_InterruptLPIT                          0x00000c65   Thumb Code   170  func_s32k1xx.o(.text.f_InterruptLPIT)
    f_InterruptLPUART1                       0x00000d11   Thumb Code   236  func_s32k1xx.o(.text.f_InterruptLPUART1)
    f_InterruptLPUART2                       0x00000dfd   Thumb Code   236  func_s32k1xx.o(.text.f_InterruptLPUART2)
    f_PinMode                                0x00000ee9   Thumb Code   426  func_s32k1xx.o(.text.f_PinMode)
    f_SentClockMAX7219                       0x00001095   Thumb Code   432  func_s32k1xx.o(.text.f_SentClockMAX7219)
    f_SentDateMAX7219                        0x00001245   Thumb Code   534  func_s32k1xx.o(.text.f_SentDateMAX7219)
    f_SentMAX7219                            0x0000145d   Thumb Code    44  func_s32k1xx.o(.text.f_SentMAX7219)
    f_SentStringUART                         0x00001489   Thumb Code    36  func_s32k1xx.o(.text.f_SentStringUART)
    f_SentSymbol                             0x000014ad   Thumb Code    46  func_s32k1xx.o(.text.f_SentSymbol)
    f_SetClearBit                            0x000014dd   Thumb Code    62  func_s32k1xx.o(.text.f_SetClearBit)
    f_SetMultiBit                            0x0000151d   Thumb Code    52  func_s32k1xx.o(.text.f_SetMultiBit)
    f_SetNVIC                                0x00001551   Thumb Code    68  func_s32k1xx.o(.text.f_SetNVIC)
    f_SetupMAX7219                           0x00001595   Thumb Code   152  func_s32k1xx.o(.text.f_SetupMAX7219)
    f_SysTickInit                            0x0000162d   Thumb Code   104  func_s32k1xx.o(.text.f_SysTickInit)
    f_UpdateTime                             0x00001695   Thumb Code  1048  func_s32k1xx.o(.text.f_UpdateTime)
    init_data_bss                            0x00001aad   Thumb Code   160  startup.o(.text.init_data_bss)
    main                                     0x00001b4d   Thumb Code   288  main.o(.text.main)
    _fp_init                                 0x00001c6d   Thumb Code    26  fpinit.o(x$fpl$fpinit)
    __fplib_config_fpu_vfp                   0x00001c85   Thumb Code     0  fpinit.o(x$fpl$fpinit)
    __fplib_config_pureend_doubles           0x00001c85   Thumb Code     0  fpinit.o(x$fpl$fpinit)
    Region$$Table$$Base                      0x00001c88   Number         0  anon$$obj.o(Region$$Table)
    Image$$ER_m_text$$Limit                  0x00001ca8   Number         0  anon$$obj.o ABSOLUTE
    Region$$Table$$Limit                     0x00001ca8   Number         0  anon$$obj.o(Region$$Table)
    Image$$VECTOR_RAM$$Base                  0x1fff8000   Number         0  anon$$obj.o ABSOLUTE
    Image$$RW_m_data$$Base                   0x1fff8400   Number         0  anon$$obj.o ABSOLUTE
    g_day                                    0x1fff8401   Data           1  func_s32k1xx.o(.data.g_day)
    g_hour                                   0x1fff8402   Data           1  func_s32k1xx.o(.data.g_hour)
    g_minute                                 0x1fff8403   Data           1  func_s32k1xx.o(.data.g_minute)
    g_month                                  0x1fff8404   Data           1  func_s32k1xx.o(.data.g_month)
    g_second                                 0x1fff8405   Data           1  func_s32k1xx.o(.data.g_second)
    g_year                                   0x1fff8408   Data           4  func_s32k1xx.o(.data.g_year)
    Image$$RW_m_code$$Base                   0x1fff840c   Number         0  anon$$obj.o ABSOLUTE
    Image$$RW_m_code$$Limit                  0x1fff840c   Number         0  anon$$obj.o ABSOLUTE
    Image$$RW_m_data$$Limit                  0x1fff840c   Number         0  anon$$obj.o ABSOLUTE
    Image$$RW_m_custom_section$$Base         0x20000000   Number         0  anon$$obj.o ABSOLUTE
    Image$$RW_m_custom_section$$Limit        0x20000000   Number         0  anon$$obj.o ABSOLUTE
    Image$$RW_m_data_2$$ZI$$Base             0x20000000   Number         0  anon$$obj.o ABSOLUTE
    g_Date                                   0x20000000   Data          12  func_s32k1xx.o(.bss.g_Date)
    g_Time                                   0x2000000c   Data          12  func_s32k1xx.o(.bss.g_Time)
    Image$$ARM_LIB_HEAP$$ZI$$Base            0x2000001c   Number         0  anon$$obj.o ABSOLUTE
    Image$$RW_m_data_2$$ZI$$Limit            0x2000001c   Number         0  anon$$obj.o ABSOLUTE
    Image$$ARM_LIB_HEAP$$ZI$$Limit           0x2000041c   Number         0  anon$$obj.o ABSOLUTE
    Image$$ARM_LIB_STACK$$Limit              0x20006c00   Number         0  anon$$obj.o ABSOLUTE
    Image$$ARM_LIB_STACK$$ZI$$Limit          0x20007000   Number         0  anon$$obj.o ABSOLUTE



==============================================================================

Memory Map of the image

  Image Entry point : 0x00000425

  Load Region LR_m_text (Base: 0x00000000, Size: 0x00001cb4, Max: 0x00080000, ABSOLUTE)

    Execution Region VECTOR_ROM (Exec base: 0x00000000, Load base: 0x00000000, Size: 0x00000230, Max: 0x00000400, ABSOLUTE)

    Exec Addr    Load Addr    Size         Type   Attr      Idx    E Section Name        Object

    0x00000000   0x00000000   0x00000230   Data   RO          115    RESET               startup_s32k144.o


    Execution Region ER_m_flash_config (Exec base: 0x00000400, Load base: 0x00000400, Size: 0x00000010, Max: 0x00000010, ABSOLUTE, FIXED)

    Exec Addr    Load Addr    Size         Type   Attr      Idx    E Section Name        Object

    0x00000400   0x00000400   0x00000010   Data   RO          116    FlashConfig         startup_s32k144.o


    Execution Region ER_m_text_const (Exec base: 0x00000410, Load base: 0x00000410, Size: 0x00000014, Max: 0xffffffff, ABSOLUTE)

    Exec Addr    Load Addr    Size         Type   Attr      Idx    E Section Name        Object

    0x00000410   0x00000410   0x00000004   Data   RO          108    .rodata.s_vectors   startup.o
    0x00000414   0x00000414   0x0000000f   Data   RO           16    .rodata.str1.1      main.o


    Execution Region ER_m_text (Exec base: 0x00000424, Load base: 0x00000424, Size: 0x00001884, Max: 0x0007fbf0, ABSOLUTE)

    Exec Addr    Load Addr    Size         Type   Attr      Idx    E Section Name        Object

    0x00000424   0x00000424   0x00000008   Code   RO          141  * !!!main             c_w.l(__main.o)
    0x0000042c   0x0000042c   0x00000034   Code   RO          319    !!!scatter          c_w.l(__scatter.o)
    0x00000460   0x00000460   0x0000001a   Code   RO          321    !!handler_copy      c_w.l(__scatter_copy.o)
    0x0000047a   0x0000047a   0x00000002   PAD
    0x0000047c   0x0000047c   0x0000001c   Code   RO          323    !!handler_zi        c_w.l(__scatter_zi.o)
    0x00000498   0x00000498   0x00000002   Code   RO          173    .ARM.Collect$$libinit$$00000000  c_w.l(libinit.o)
    0x0000049a   0x0000049a   0x00000004   Code   RO          183    .ARM.Collect$$libinit$$00000001  c_w.l(libinit2.o)
    0x0000049e   0x0000049e   0x00000000   Code   RO          186    .ARM.Collect$$libinit$$00000004  c_w.l(libinit2.o)
    0x0000049e   0x0000049e   0x00000000   Code   RO          188    .ARM.Collect$$libinit$$00000006  c_w.l(libinit2.o)
    0x0000049e   0x0000049e   0x00000000   Code   RO          191    .ARM.Collect$$libinit$$0000000C  c_w.l(libinit2.o)
    0x0000049e   0x0000049e   0x00000000   Code   RO          193    .ARM.Collect$$libinit$$0000000E  c_w.l(libinit2.o)
    0x0000049e   0x0000049e   0x00000000   Code   RO          195    .ARM.Collect$$libinit$$00000010  c_w.l(libinit2.o)
    0x0000049e   0x0000049e   0x00000000   Code   RO          198    .ARM.Collect$$libinit$$00000013  c_w.l(libinit2.o)
    0x0000049e   0x0000049e   0x00000000   Code   RO          200    .ARM.Collect$$libinit$$00000015  c_w.l(libinit2.o)
    0x0000049e   0x0000049e   0x00000000   Code   RO          202    .ARM.Collect$$libinit$$00000017  c_w.l(libinit2.o)
    0x0000049e   0x0000049e   0x00000000   Code   RO          204    .ARM.Collect$$libinit$$00000019  c_w.l(libinit2.o)
    0x0000049e   0x0000049e   0x00000000   Code   RO          206    .ARM.Collect$$libinit$$0000001B  c_w.l(libinit2.o)
    0x0000049e   0x0000049e   0x00000000   Code   RO          208    .ARM.Collect$$libinit$$0000001D  c_w.l(libinit2.o)
    0x0000049e   0x0000049e   0x00000000   Code   RO          210    .ARM.Collect$$libinit$$0000001F  c_w.l(libinit2.o)
    0x0000049e   0x0000049e   0x00000000   Code   RO          212    .ARM.Collect$$libinit$$00000021  c_w.l(libinit2.o)
    0x0000049e   0x0000049e   0x00000000   Code   RO          214    .ARM.Collect$$libinit$$00000023  c_w.l(libinit2.o)
    0x0000049e   0x0000049e   0x00000000   Code   RO          216    .ARM.Collect$$libinit$$00000025  c_w.l(libinit2.o)
    0x0000049e   0x0000049e   0x00000000   Code   RO          218    .ARM.Collect$$libinit$$00000027  c_w.l(libinit2.o)
    0x0000049e   0x0000049e   0x00000000   Code   RO          222    .ARM.Collect$$libinit$$0000002E  c_w.l(libinit2.o)
    0x0000049e   0x0000049e   0x00000000   Code   RO          224    .ARM.Collect$$libinit$$00000030  c_w.l(libinit2.o)
    0x0000049e   0x0000049e   0x00000000   Code   RO          226    .ARM.Collect$$libinit$$00000032  c_w.l(libinit2.o)
    0x0000049e   0x0000049e   0x00000000   Code   RO          228    .ARM.Collect$$libinit$$00000034  c_w.l(libinit2.o)
    0x0000049e   0x0000049e   0x00000002   Code   RO          229    .ARM.Collect$$libinit$$00000035  c_w.l(libinit2.o)
    0x000004a0   0x000004a0   0x00000002   Code   RO          258    .ARM.Collect$$libshutdown$$00000000  c_w.l(libshutdown.o)
    0x000004a2   0x000004a2   0x00000000   Code   RO          270    .ARM.Collect$$libshutdown$$00000002  c_w.l(libshutdown2.o)
    0x000004a2   0x000004a2   0x00000000   Code   RO          272    .ARM.Collect$$libshutdown$$00000004  c_w.l(libshutdown2.o)
    0x000004a2   0x000004a2   0x00000000   Code   RO          275    .ARM.Collect$$libshutdown$$00000007  c_w.l(libshutdown2.o)
    0x000004a2   0x000004a2   0x00000000   Code   RO          278    .ARM.Collect$$libshutdown$$0000000A  c_w.l(libshutdown2.o)
    0x000004a2   0x000004a2   0x00000000   Code   RO          280    .ARM.Collect$$libshutdown$$0000000C  c_w.l(libshutdown2.o)
    0x000004a2   0x000004a2   0x00000000   Code   RO          283    .ARM.Collect$$libshutdown$$0000000F  c_w.l(libshutdown2.o)
    0x000004a2   0x000004a2   0x00000002   Code   RO          284    .ARM.Collect$$libshutdown$$00000010  c_w.l(libshutdown2.o)
    0x000004a4   0x000004a4   0x00000000   Code   RO          143    .ARM.Collect$$rtentry$$00000000  c_w.l(__rtentry.o)
    0x000004a4   0x000004a4   0x00000000   Code   RO          145    .ARM.Collect$$rtentry$$00000002  c_w.l(__rtentry2.o)
    0x000004a4   0x000004a4   0x00000004   Code   RO          159    .ARM.Collect$$rtentry$$00000007  c_w.l(__rtentry7.o)
    0x000004a8   0x000004a8   0x00000000   Code   RO          147    .ARM.Collect$$rtentry$$00000009  c_w.l(__rtentry2.o)
    0x000004a8   0x000004a8   0x00000004   Code   RO          148    .ARM.Collect$$rtentry$$0000000A  c_w.l(__rtentry2.o)
    0x000004ac   0x000004ac   0x00000000   Code   RO          150    .ARM.Collect$$rtentry$$0000000C  c_w.l(__rtentry2.o)
    0x000004ac   0x000004ac   0x00000008   Code   RO          151    .ARM.Collect$$rtentry$$0000000D  c_w.l(__rtentry2.o)
    0x000004b4   0x000004b4   0x00000004   Code   RO          160    .ARM.Collect$$rtentry$$00002718  c_w.l(__rtentry7.o)
    0x000004b8   0x000004b8   0x00000002   Code   RO          181    .ARM.Collect$$rtexit$$00000000  c_w.l(rtexit.o)
    0x000004ba   0x000004ba   0x00000000   Code   RO          238    .ARM.Collect$$rtexit$$00000002  c_w.l(rtexit2.o)
    0x000004ba   0x000004ba   0x00000004   Code   RO          239    .ARM.Collect$$rtexit$$00000003  c_w.l(rtexit2.o)
    0x000004be   0x000004be   0x00000006   Code   RO          240    .ARM.Collect$$rtexit$$00000004  c_w.l(rtexit2.o)
    0x000004c4   0x000004c4   0x0000009c   Code   RO          114    .text               startup_s32k144.o
    0x00000560   0x00000560   0x00000012   Code   RO          166    .text               c_w.l(exit.o)
    0x00000572   0x00000572   0x00000002   Code   RO          234    .text               c_w.l(use_no_semi.o)
    0x00000574   0x00000574   0x00000000   Code   RO          236    .text               c_w.l(indicate_semi.o)
    0x00000574   0x00000574   0x0000000c   Code   RO          248    .text               c_w.l(sys_exit.o)
    0x00000580   0x00000580   0x00000034   Code   RO           11    .text.LPIT0_Ch0_IRQHandler  main.o
    0x000005b4   0x000005b4   0x0000012e   Code   RO            9    .text.LPUART1_RxTx_IRQHandler  main.o
    0x000006e2   0x000006e2   0x00000002   PAD
    0x000006e4   0x000006e4   0x0000012e   Code   RO            7    .text.LPUART2_RxTx_IRQHandler  main.o
    0x00000812   0x00000812   0x00000002   PAD
    0x00000814   0x00000814   0x000000f2   Code   RO           13    .text.PORTC_IRQHandler  main.o
    0x00000906   0x00000906   0x00000002   PAD
    0x00000908   0x00000908   0x00000052   Code   RO          123    .text.SystemInit    system_s32k144.o
    0x0000095a   0x0000095a   0x00000002   PAD
    0x0000095c   0x0000095c   0x000000ba   Code   RO           38    .text.f_DigitalWrite  func_s32k1xx.o
    0x00000a16   0x00000a16   0x00000002   PAD
    0x00000a18   0x00000a18   0x00000128   Code   RO           40    .text.f_GPIOPinInterrupt  func_s32k1xx.o
    0x00000b40   0x00000b40   0x00000124   Code   RO           78    .text.f_InitSPI_max7219  func_s32k1xx.o
    0x00000c64   0x00000c64   0x000000aa   Code   RO           70    .text.f_InterruptLPIT  func_s32k1xx.o
    0x00000d0e   0x00000d0e   0x00000002   PAD
    0x00000d10   0x00000d10   0x000000ec   Code   RO           46    .text.f_InterruptLPUART1  func_s32k1xx.o
    0x00000dfc   0x00000dfc   0x000000ec   Code   RO           48    .text.f_InterruptLPUART2  func_s32k1xx.o
    0x00000ee8   0x00000ee8   0x000001aa   Code   RO           36    .text.f_PinMode     func_s32k1xx.o
    0x00001092   0x00001092   0x00000002   PAD
    0x00001094   0x00001094   0x000001b0   Code   RO           82    .text.f_SentClockMAX7219  func_s32k1xx.o
    0x00001244   0x00001244   0x00000216   Code   RO           84    .text.f_SentDateMAX7219  func_s32k1xx.o
    0x0000145a   0x0000145a   0x00000002   PAD
    0x0000145c   0x0000145c   0x0000002c   Code   RO           62    .text.f_SentMAX7219  func_s32k1xx.o
    0x00001488   0x00001488   0x00000024   Code   RO           58    .text.f_SentStringUART  func_s32k1xx.o
    0x000014ac   0x000014ac   0x0000002e   Code   RO           56    .text.f_SentSymbol  func_s32k1xx.o
    0x000014da   0x000014da   0x00000002   PAD
    0x000014dc   0x000014dc   0x0000003e   Code   RO           30    .text.f_SetClearBit  func_s32k1xx.o
    0x0000151a   0x0000151a   0x00000002   PAD
    0x0000151c   0x0000151c   0x00000034   Code   RO           32    .text.f_SetMultiBit  func_s32k1xx.o
    0x00001550   0x00001550   0x00000044   Code   RO           42    .text.f_SetNVIC     func_s32k1xx.o
    0x00001594   0x00001594   0x00000098   Code   RO           80    .text.f_SetupMAX7219  func_s32k1xx.o
    0x0000162c   0x0000162c   0x00000068   Code   RO           50    .text.f_SysTickInit  func_s32k1xx.o
    0x00001694   0x00001694   0x00000418   Code   RO           88    .text.f_UpdateTime  func_s32k1xx.o
    0x00001aac   0x00001aac   0x000000a0   Code   RO          106    .text.init_data_bss  startup.o
    0x00001b4c   0x00001b4c   0x00000120   Code   RO            5    .text.main          main.o
    0x00001c6c   0x00001c6c   0x0000001a   Code   RO          246    x$fpl$fpinit        fz_wm.l(fpinit.o)
    0x00001c86   0x00001c86   0x00000002   PAD
    0x00001c88   0x00001c88   0x00000020   Data   RO          318    Region$$Table       anon$$obj.o


    Execution Region VECTOR_RAM (Exec base: 0x1fff8000, Load base: 0x00000230, Size: 0x00000400, Max: 0x00000400, ABSOLUTE)

    Exec Addr    Load Addr    Size         Type   Attr      Idx    E Section Name        Object

    0x1fff8000        -       0x00000400   Zero   RW            1    VECTOR_RAM.bss      anon$$obj.o


    Execution Region RW_m_data (Exec base: 0x1fff8400, Load base: 0x00001ca8, Size: 0x0000000c, Max: 0xffffffff, ABSOLUTE)

    Exec Addr    Load Addr    Size         Type   Attr      Idx    E Section Name        Object

    0x1fff8400   0x00001ca8   0x00000001   Data   RW           21    .data.g_PowerMAX7219  main.o
    0x1fff8401   0x00001ca9   0x00000001   Data   RW           95    .data.g_day         func_s32k1xx.o
    0x1fff8402   0x00001caa   0x00000001   Data   RW           91    .data.g_hour        func_s32k1xx.o
    0x1fff8403   0x00001cab   0x00000001   Data   RW           92    .data.g_minute      func_s32k1xx.o
    0x1fff8404   0x00001cac   0x00000001   Data   RW           96    .data.g_month       func_s32k1xx.o
    0x1fff8405   0x00001cad   0x00000001   Data   RW           93    .data.g_second      func_s32k1xx.o
    0x1fff8406   0x00001cae   0x00000002   PAD
    0x1fff8408   0x00001cb0   0x00000004   Data   RW           97    .data.g_year        func_s32k1xx.o


    Execution Region RW_m_code (Exec base: 0x1fff840c, Load base: 0x00001cb4, Size: 0x00000000, Max: 0x00007c00, ABSOLUTE)

    **** No section assigned to this execution region ****


    Execution Region RW_m_custom_section (Exec base: 0x20000000, Load base: 0x00001cb4, Size: 0x00000000, Max: 0xffffffff, ABSOLUTE)

    **** No section assigned to this execution region ****


    Execution Region RW_m_data_2 (Exec base: 0x20000000, Load base: 0x00001cb4, Size: 0x0000001c, Max: 0x00006800, ABSOLUTE)

    Exec Addr    Load Addr    Size         Type   Attr      Idx    E Section Name        Object

    0x20000000        -       0x0000000c   Zero   RW           90    .bss.g_Date         func_s32k1xx.o
    0x2000000c        -       0x0000000c   Zero   RW           98    .bss.g_Time         func_s32k1xx.o
    0x20000018        -       0x00000001   Zero   RW           18    .bss.g_flagDateUART  main.o
    0x20000019        -       0x00000001   Zero   RW           20    .bss.g_flagReceive  main.o
    0x2000001a        -       0x00000001   Zero   RW           17    .bss.g_flagUpdate   main.o
    0x2000001b        -       0x00000001   Zero   RW           19    .bss.index          main.o


    Execution Region ARM_LIB_HEAP (Exec base: 0x2000001c, Load base: 0x00001cb4, Size: 0x00000400, Max: 0x00000400, ABSOLUTE)

    Exec Addr    Load Addr    Size         Type   Attr      Idx    E Section Name        Object

    0x2000001c        -       0x00000400   Zero   RW            2    ARM_LIB_HEAP.bss    anon$$obj.o


    Execution Region ARM_LIB_STACK (Exec base: 0x20006c00, Load base: 0x00001cb4, Size: 0x00000400, Max: 0x00000400, ABSOLUTE)

    Exec Addr    Load Addr    Size         Type   Attr      Idx    E Section Name        Object

    0x20006c00        -       0x00000400   Zero   RW            3    ARM_LIB_STACK.bss   anon$$obj.o


==============================================================================

Image component sizes


      Code (inc. data)   RO Data    RW Data    ZI Data      Debug   Object Name

      4420          0          0          9         24      11334   func_s32k1xx.o
      1186          0         15          1          4       2833   main.o
       160          0          4          0          0       1065   startup.o
       156        106        576          0          0        920   startup_s32k144.o
        82          0          0          0          0       2834   system_s32k144.o

    ----------------------------------------------------------------------
      6024        106        628         12       3100      18986   Object Totals
         0          0         32          0       3072          0   (incl. Generated)
        20          0          1          2          0          0   (incl. Padding)

    ----------------------------------------------------------------------

      Code (inc. data)   RO Data    RW Data    ZI Data      Debug   Library Member Name

         8          0          0          0          0         68   __main.o
         0          0          0          0          0          0   __rtentry.o
        12          0          0          0          0          0   __rtentry2.o
         8          4          0          0          0          0   __rtentry7.o
        52          8          0          0          0          0   __scatter.o
        26          0          0          0          0          0   __scatter_copy.o
        28          0          0          0          0          0   __scatter_zi.o
        18          0          0          0          0         80   exit.o
         0          0          0          0          0          0   indicate_semi.o
         2          0          0          0          0          0   libinit.o
         6          0          0          0          0          0   libinit2.o
         2          0          0          0          0          0   libshutdown.o
         2          0          0          0          0          0   libshutdown2.o
         2          0          0          0          0          0   rtexit.o
        10          0          0          0          0          0   rtexit2.o
        12          4          0          0          0         68   sys_exit.o
         2          0          0          0          0         68   use_no_semi.o
        26          0          0          0          0        116   fpinit.o

    ----------------------------------------------------------------------
       220         16          0          0          0        400   Library Totals
         4          0          0          0          0          0   (incl. Padding)

    ----------------------------------------------------------------------

      Code (inc. data)   RO Data    RW Data    ZI Data      Debug   Library Name

       190         16          0          0          0        284   c_w.l
        26          0          0          0          0        116   fz_wm.l

    ----------------------------------------------------------------------
       220         16          0          0          0        400   Library Totals

    ----------------------------------------------------------------------

==============================================================================


      Code (inc. data)   RO Data    RW Data    ZI Data      Debug   

      6244        122        628         12       3100      19326   Grand Totals
      6244        122        628         12       3100      19326   ELF Image Totals
      6244        122        628         12          0          0   ROM Totals

==============================================================================

    Total RO  Size (Code + RO Data)                 6872 (   6.71kB)
    Total RW  Size (RW Data + ZI Data)              3112 (   3.04kB)
    Total ROM Size (Code + RO Data + RW Data)       6884 (   6.72kB)

==============================================================================

